stm32f0xx_hal_flash.c:185:19:HAL_FLASH_Program	48	static
stm32f0xx_hal_flash.c:257:19:HAL_FLASH_Program_IT	40	static
stm32f0xx_hal_flash.c:303:6:HAL_FLASH_IRQHandler	24	static
stm32f0xx_hal_flash.c:446:13:HAL_FLASH_EndOfOperationCallback	16	static
stm32f0xx_hal_flash.c:464:13:HAL_FLASH_OperationErrorCallback	16	static
stm32f0xx_hal_flash.c:497:19:HAL_FLASH_Unlock	8	static
stm32f0xx_hal_flash.c:517:19:HAL_FLASH_Lock	8	static
stm32f0xx_hal_flash.c:529:19:HAL_FLASH_OB_Unlock	8	static
stm32f0xx_hal_flash.c:549:19:HAL_FLASH_OB_Lock	8	static
stm32f0xx_hal_flash.c:562:19:HAL_FLASH_OB_Launch	8	static
stm32f0xx_hal_flash.c:594:10:HAL_FLASH_GetError	8	static
stm32f0xx_hal_flash.c:617:13:FLASH_Program_HalfWord	16	static
stm32f0xx_hal_flash.c:634:19:FLASH_WaitForLastOperation	24	static
stm32f0xx_hal_flash.c:677:13:FLASH_SetErrorCode	16	static
