stm32f0xx_ll_rcc.h:715:22:LL_RCC_HSE_EnableBypass	8	static
stm32f0xx_ll_rcc.h:725:22:LL_RCC_HSE_DisableBypass	8	static
stm32f0xx_ll_rcc.h:735:22:LL_RCC_HSE_Enable	8	static
stm32f0xx_ll_rcc.h:755:26:LL_RCC_HSE_IsReady	8	static
stm32f0xx_ll_rcc.h:773:22:LL_RCC_HSI_Enable	8	static
stm32f0xx_ll_rcc.h:793:26:LL_RCC_HSI_IsReady	8	static
stm32f0xx_ll_rcc.h:848:22:LL_RCC_HSI48_Enable	8	static
stm32f0xx_ll_rcc.h:868:26:LL_RCC_HSI48_IsReady	8	static
stm32f0xx_ll_rcc.h:1125:22:LL_RCC_SetSysClkSource	16	static
stm32f0xx_ll_rcc.h:1141:26:LL_RCC_GetSysClkSource	8	static
stm32f0xx_ll_rcc.h:1161:22:LL_RCC_SetAHBPrescaler	16	static
stm32f0xx_ll_rcc.h:1177:22:LL_RCC_SetAPB1Prescaler	16	static
stm32f0xx_ll_rcc.h:1532:22:LL_RCC_PLL_Enable	8	static
stm32f0xx_ll_rcc.h:1553:26:LL_RCC_PLL_IsReady	8	static
stm32f0xx_ll_rcc.h:1605:22:LL_RCC_PLL_ConfigDomain_SYS	24	static
stm32f0xx_ll_utils.h:236:22:LL_InitTick	24	static
stm32f0xx_ll_system.h:1800:22:LL_FLASH_SetLatency	16	static
stm32f0xx_ll_system.h:1812:26:LL_FLASH_GetLatency	8	static
stm32f0xx_ll_utils.c:160:6:LL_Init1msTick	16	static
stm32f0xx_ll_utils.c:176:6:LL_mDelay	24	static
stm32f0xx_ll_utils.c:232:6:LL_SetSystemCoreClock	16	static
stm32f0xx_ll_utils.c:255:13:LL_PLL_ConfigSystemClock_HSI	32	static
stm32f0xx_ll_utils.c:320:13:LL_PLL_ConfigSystemClock_HSI48	32	static
stm32f0xx_ll_utils.c:381:13:LL_PLL_ConfigSystemClock_HSE	40	static
stm32f0xx_ll_utils.c:463:20:UTILS_SetFlashLatency	24	static
stm32f0xx_ll_utils.c:502:17:UTILS_GetPLLOutputFrequency	24	static
stm32f0xx_ll_utils.c:528:20:UTILS_PLL_IsBusy	16	static
stm32f0xx_ll_utils.c:552:20:UTILS_EnablePLLAndSwitchSystem	32	static
