stm32f0xx_hal_usart.c:278:19:HAL_USART_Init	16	static
stm32f0xx_hal_usart.c:341:19:HAL_USART_DeInit	16	static
stm32f0xx_hal_usart.c:375:13:HAL_USART_MspInit	16	static
stm32f0xx_hal_usart.c:390:13:HAL_USART_MspDeInit	16	static
stm32f0xx_hal_usart.c:491:19:HAL_USART_Transmit	40	static
stm32f0xx_hal_usart.c:578:19:HAL_USART_Receive	48	static
stm32f0xx_hal_usart.c:678:19:HAL_USART_TransmitReceive	48	static
stm32f0xx_hal_usart.c:785:19:HAL_USART_Transmit_IT	24	static
stm32f0xx_hal_usart.c:847:19:HAL_USART_Receive_IT	24	static
stm32f0xx_hal_usart.c:918:19:HAL_USART_TransmitReceive_IT	24	static
stm32f0xx_hal_usart.c:986:19:HAL_USART_Transmit_DMA	32	static
stm32f0xx_hal_usart.c:1061:19:HAL_USART_Receive_DMA	32	static
stm32f0xx_hal_usart.c:1155:19:HAL_USART_TransmitReceive_DMA	32	static
stm32f0xx_hal_usart.c:1247:19:HAL_USART_DMAPause	16	static
stm32f0xx_hal_usart.c:1288:19:HAL_USART_DMAResume	16	static
stm32f0xx_hal_usart.c:1326:19:HAL_USART_DMAStop	16	static
stm32f0xx_hal_usart.c:1369:19:HAL_USART_Abort	16	static
stm32f0xx_hal_usart.c:1437:19:HAL_USART_Abort_IT	24	static
stm32f0xx_hal_usart.c:1552:6:HAL_USART_IRQHandler	32	static
stm32f0xx_hal_usart.c:1726:13:HAL_USART_TxCpltCallback	16	static
stm32f0xx_hal_usart.c:1741:13:HAL_USART_TxHalfCpltCallback	16	static
stm32f0xx_hal_usart.c:1756:13:HAL_USART_RxCpltCallback	16	static
stm32f0xx_hal_usart.c:1771:13:HAL_USART_RxHalfCpltCallback	16	static
stm32f0xx_hal_usart.c:1786:13:HAL_USART_TxRxCpltCallback	16	static
stm32f0xx_hal_usart.c:1801:13:HAL_USART_ErrorCallback	16	static
stm32f0xx_hal_usart.c:1816:13:HAL_USART_AbortCpltCallback	16	static
stm32f0xx_hal_usart.c:1853:24:HAL_USART_GetState	16	static
stm32f0xx_hal_usart.c:1864:10:HAL_USART_GetError	16	static
stm32f0xx_hal_usart.c:1894:13:USART_EndTransfer	16	static
stm32f0xx_hal_usart.c:1910:13:USART_DMATransmitCplt	24	static
stm32f0xx_hal_usart.c:1944:13:USART_DMATxHalfCplt	24	static
stm32f0xx_hal_usart.c:1956:13:USART_DMAReceiveCplt	24	static
stm32f0xx_hal_usart.c:2008:13:USART_DMARxHalfCplt	24	static
stm32f0xx_hal_usart.c:2020:13:USART_DMAError	24	static
stm32f0xx_hal_usart.c:2040:13:USART_DMAAbortOnError	24	static
stm32f0xx_hal_usart.c:2057:13:USART_DMATxAbortCallback	24	static
stm32f0xx_hal_usart.c:2098:13:USART_DMARxAbortCallback	24	static
stm32f0xx_hal_usart.c:2140:26:USART_WaitOnFlagUntilTimeout	24	static
stm32f0xx_hal_usart.c:2172:26:USART_SetConfig	32	static
stm32f0xx_hal_usart.c:2250:26:USART_CheckIdleState	32	static
stm32f0xx_hal_usart.c:2310:26:USART_Transmit_IT	24	static
stm32f0xx_hal_usart.c:2359:26:USART_EndTransmit_IT	16	static
stm32f0xx_hal_usart.c:2383:26:USART_Receive_IT	24	static
stm32f0xx_hal_usart.c:2436:26:USART_TransmitReceive_IT	24	static
