stm32f0xx_hal_flash_ex.c:177:19:HAL_FLASHEx_Erase	32	static
stm32f0xx_hal_flash_ex.c:258:19:HAL_FLASHEx_Erase_IT	24	static
stm32f0xx_hal_flash_ex.c:331:19:HAL_FLASHEx_OBErase	24	static
stm32f0xx_hal_flash_ex.c:380:19:HAL_FLASHEx_OBProgram	32	static
stm32f0xx_hal_flash_ex.c:461:6:HAL_FLASHEx_OBGetConfig	16	static
stm32f0xx_hal_flash_ex.c:483:10:HAL_FLASHEx_OBGetUserData	24	static
stm32f0xx_hal_flash_ex.c:518:13:FLASH_MassErase	8	static
stm32f0xx_hal_flash_ex.c:539:26:FLASH_OB_EnableWRP	40	static
stm32f0xx_hal_flash_ex.c:655:26:FLASH_OB_DisableWRP	40	static
stm32f0xx_hal_flash_ex.c:769:26:FLASH_OB_RDP_LevelConfig	32	static
stm32f0xx_hal_flash_ex.c:820:26:FLASH_OB_UserConfig	32	static
stm32f0xx_hal_flash_ex.c:875:26:FLASH_OB_ProgramData	32	static
stm32f0xx_hal_flash_ex.c:908:17:FLASH_OB_GetWRP	8	static
stm32f0xx_hal_flash_ex.c:922:17:FLASH_OB_GetRDP	16	static
stm32f0xx_hal_flash_ex.c:952:16:FLASH_OB_GetUser	8	static
stm32f0xx_hal_flash_ex.c:981:6:FLASH_PageErase	16	static
