Archive member included to satisfy reference by file (symbol)

c:/program files (x86)/atollic/truestudio for arm 8.0.0/armtools/bin/../lib/gcc/arm-atollic-eabi/6.3.1/../../../../arm-atollic-eabi/lib/armv6-m\libc_nano.a(lib_a-init.o)
                              src\startup_stm32f072xb.o (__libc_init_array)
c:/program files (x86)/atollic/truestudio for arm 8.0.0/armtools/bin/../lib/gcc/arm-atollic-eabi/6.3.1/../../../../arm-atollic-eabi/lib/armv6-m\libc_nano.a(lib_a-memset.o)
                              Drivers\STM32F0xx_HAL_Driver\Src\stm32f0xx_hal_rcc.o (memset)
c:/program files (x86)/atollic/truestudio for arm 8.0.0/armtools/bin/../lib/gcc/arm-atollic-eabi/6.3.1/../../../../arm-atollic-eabi/lib/armv6-m\libc_nano.a(lib_a-strlen.o)
                              src\gprs.o (strlen)
c:/program files (x86)/atollic/truestudio for arm 8.0.0/armtools/bin/../lib/gcc/arm-atollic-eabi/6.3.1/armv6-m\libgcc.a(_udivsi3.o)
                              Drivers\STM32F0xx_HAL_Driver\Src\stm32f0xx_hal.o (__aeabi_uidiv)
c:/program files (x86)/atollic/truestudio for arm 8.0.0/armtools/bin/../lib/gcc/arm-atollic-eabi/6.3.1/armv6-m\libgcc.a(_divsi3.o)
                              src\tiny_printf.o (__aeabi_idiv)
c:/program files (x86)/atollic/truestudio for arm 8.0.0/armtools/bin/../lib/gcc/arm-atollic-eabi/6.3.1/armv6-m\libgcc.a(_dvmd_tls.o)
                              c:/program files (x86)/atollic/truestudio for arm 8.0.0/armtools/bin/../lib/gcc/arm-atollic-eabi/6.3.1/armv6-m\libgcc.a(_udivsi3.o) (__aeabi_idiv0)
c:/program files (x86)/atollic/truestudio for arm 8.0.0/armtools/bin/../lib/gcc/arm-atollic-eabi/6.3.1/../../../../arm-atollic-eabi/lib/armv6-m\libnosys.a(write.o)
                              src\tiny_printf.o (_write)
c:/program files (x86)/atollic/truestudio for arm 8.0.0/armtools/bin/../lib/gcc/arm-atollic-eabi/6.3.1/../../../../arm-atollic-eabi/lib/armv6-m\libnosys.a(errno.o)
                              c:/program files (x86)/atollic/truestudio for arm 8.0.0/armtools/bin/../lib/gcc/arm-atollic-eabi/6.3.1/../../../../arm-atollic-eabi/lib/armv6-m\libnosys.a(write.o) (errno)

Allocating common symbols
Common symbol       size              file

errno               0x4               c:/program files (x86)/atollic/truestudio for arm 8.0.0/armtools/bin/../lib/gcc/arm-atollic-eabi/6.3.1/../../../../arm-atollic-eabi/lib/armv6-m\libnosys.a(errno.o)
hi2c1               0x4c              src\i2c.o
buff                0xf               src\main.o
uwTick              0x4               Drivers\STM32F0xx_HAL_Driver\Src\stm32f0xx_hal.o
pFlash              0x20              Drivers\STM32F0xx_HAL_Driver\Src\stm32f0xx_hal_flash.o
hdma_usart1_tx      0x44              src\uart.o
hdma_usart1_rx      0x44              src\uart.o
huart1              0x70              src\uart.o
aRxBuffer           0x5               src\gprs.o
huart2              0x70              src\uart.o

Discarded input sections

 .text          0x00000000        0x0 c:/program files (x86)/atollic/truestudio for arm 8.0.0/armtools/bin/../lib/gcc/arm-atollic-eabi/6.3.1/armv6-m/crti.o
 .data          0x00000000        0x0 c:/program files (x86)/atollic/truestudio for arm 8.0.0/armtools/bin/../lib/gcc/arm-atollic-eabi/6.3.1/armv6-m/crti.o
 .bss           0x00000000        0x0 c:/program files (x86)/atollic/truestudio for arm 8.0.0/armtools/bin/../lib/gcc/arm-atollic-eabi/6.3.1/armv6-m/crti.o
 .data          0x00000000        0x4 c:/program files (x86)/atollic/truestudio for arm 8.0.0/armtools/bin/../lib/gcc/arm-atollic-eabi/6.3.1/armv6-m/crtbegin.o
 .text          0x00000000        0x0 Drivers\BSP\STM32F0xx-Nucleo\stm32f0xx_nucleo.o
 .data          0x00000000        0x0 Drivers\BSP\STM32F0xx-Nucleo\stm32f0xx_nucleo.o
 .bss           0x00000000        0x0 Drivers\BSP\STM32F0xx-Nucleo\stm32f0xx_nucleo.o
 .data.LED_PORT
                0x00000000        0x4 Drivers\BSP\STM32F0xx-Nucleo\stm32f0xx_nucleo.o
 .rodata.LED_PIN
                0x00000000        0x2 Drivers\BSP\STM32F0xx-Nucleo\stm32f0xx_nucleo.o
 .data.BUTTON_PORT
                0x00000000        0x4 Drivers\BSP\STM32F0xx-Nucleo\stm32f0xx_nucleo.o
 .rodata.BUTTON_PIN
                0x00000000        0x2 Drivers\BSP\STM32F0xx-Nucleo\stm32f0xx_nucleo.o
 .rodata.BUTTON_IRQn
                0x00000000        0x1 Drivers\BSP\STM32F0xx-Nucleo\stm32f0xx_nucleo.o
 .text.BSP_GetVersion
                0x00000000       0x10 Drivers\BSP\STM32F0xx-Nucleo\stm32f0xx_nucleo.o
 .text.BSP_LED_Init
                0x00000000       0x78 Drivers\BSP\STM32F0xx-Nucleo\stm32f0xx_nucleo.o
 .text.BSP_LED_DeInit
                0x00000000       0x50 Drivers\BSP\STM32F0xx-Nucleo\stm32f0xx_nucleo.o
 .text.BSP_LED_On
                0x00000000       0x2c Drivers\BSP\STM32F0xx-Nucleo\stm32f0xx_nucleo.o
 .text.BSP_LED_Off
                0x00000000       0x2c Drivers\BSP\STM32F0xx-Nucleo\stm32f0xx_nucleo.o
 .text.BSP_LED_Toggle
                0x00000000       0x2c Drivers\BSP\STM32F0xx-Nucleo\stm32f0xx_nucleo.o
[...]
Memory Configuration

Name             Origin             Length             Attributes
FLASH            0x08000000         0x00020000         xr
RAM              0x20000000         0x00004000         xrw
MEMORY_B1        0x60000000         0x00000000         xr
*default*        0x00000000         0xffffffff

Linker script and memory map

LOAD c:/program files (x86)/atollic/truestudio for arm 8.0.0/armtools/bin/../lib/gcc/arm-atollic-eabi/6.3.1/armv6-m/crti.o
LOAD c:/program files (x86)/atollic/truestudio for arm 8.0.0/armtools/bin/../lib/gcc/arm-atollic-eabi/6.3.1/armv6-m/crtbegin.o
LOAD Drivers\BSP\STM32F0xx-Nucleo\stm32f0xx_nucleo.o
LOAD Drivers\STM32F0xx_HAL_Driver\Src\stm32f0xx_hal.o
LOAD Drivers\STM32F0xx_HAL_Driver\Src\stm32f0xx_hal_adc.o
LOAD Drivers\STM32F0xx_HAL_Driver\Src\stm32f0xx_hal_adc_ex.o
LOAD Drivers\STM32F0xx_HAL_Driver\Src\stm32f0xx_hal_can.o
LOAD Drivers\STM32F0xx_HAL_Driver\Src\stm32f0xx_hal_cec.o
LOAD Drivers\STM32F0xx_HAL_Driver\Src\stm32f0xx_hal_comp.o
LOAD Drivers\STM32F0xx_HAL_Driver\Src\stm32f0xx_hal_cortex.o
LOAD Drivers\STM32F0xx_HAL_Driver\Src\stm32f0xx_hal_crc.o
LOAD Drivers\STM32F0xx_HAL_Driver\Src\stm32f0xx_hal_crc_ex.o
LOAD Drivers\STM32F0xx_HAL_Driver\Src\stm32f0xx_hal_dac.o
LOAD Drivers\STM32F0xx_HAL_Driver\Src\stm32f0xx_hal_dac_ex.o
LOAD Drivers\STM32F0xx_HAL_Driver\Src\stm32f0xx_hal_dma.o
LOAD Drivers\STM32F0xx_HAL_Driver\Src\stm32f0xx_hal_flash.o
LOAD Drivers\STM32F0xx_HAL_Driver\Src\stm32f0xx_hal_flash_ex.o
LOAD Drivers\STM32F0xx_HAL_Driver\Src\stm32f0xx_hal_gpio.o
LOAD Drivers\STM32F0xx_HAL_Driver\Src\stm32f0xx_hal_i2c.o
LOAD Drivers\STM32F0xx_HAL_Driver\Src\stm32f0xx_hal_i2c_ex.o
LOAD Drivers\STM32F0xx_HAL_Driver\Src\stm32f0xx_hal_i2s.o
LOAD Drivers\STM32F0xx_HAL_Driver\Src\stm32f0xx_hal_irda.o
LOAD Drivers\STM32F0xx_HAL_Driver\Src\stm32f0xx_hal_iwdg.o
LOAD Drivers\STM32F0xx_HAL_Driver\Src\stm32f0xx_hal_pcd.o
LOAD Drivers\STM32F0xx_HAL_Driver\Src\stm32f0xx_hal_pcd_ex.o
LOAD Drivers\STM32F0xx_HAL_Driver\Src\stm32f0xx_hal_pwr.o
LOAD Drivers\STM32F0xx_HAL_Driver\Src\stm32f0xx_hal_pwr_ex.o
LOAD Drivers\STM32F0xx_HAL_Driver\Src\stm32f0xx_hal_rcc.o
LOAD Drivers\STM32F0xx_HAL_Driver\Src\stm32f0xx_hal_rcc_ex.o
LOAD Drivers\STM32F0xx_HAL_Driver\Src\stm32f0xx_hal_rtc.o
LOAD Drivers\STM32F0xx_HAL_Driver\Src\stm32f0xx_hal_rtc_ex.o
LOAD Drivers\STM32F0xx_HAL_Driver\Src\stm32f0xx_hal_smartcard.o
LOAD Drivers\STM32F0xx_HAL_Driver\Src\stm32f0xx_hal_smartcard_ex.o
LOAD Drivers\STM32F0xx_HAL_Driver\Src\stm32f0xx_hal_smbus.o
LOAD Drivers\STM32F0xx_HAL_Driver\Src\stm32f0xx_hal_spi.o
LOAD Drivers\STM32F0xx_HAL_Driver\Src\stm32f0xx_hal_spi_ex.o
LOAD Drivers\STM32F0xx_HAL_Driver\Src\stm32f0xx_hal_tim.o
LOAD Drivers\STM32F0xx_HAL_Driver\Src\stm32f0xx_hal_tim_ex.o
LOAD Drivers\STM32F0xx_HAL_Driver\Src\stm32f0xx_hal_tsc.o
LOAD Drivers\STM32F0xx_HAL_Driver\Src\stm32f0xx_hal_uart.o
LOAD Drivers\STM32F0xx_HAL_Driver\Src\stm32f0xx_hal_uart_ex.o
LOAD Drivers\STM32F0xx_HAL_Driver\Src\stm32f0xx_hal_usart.o
LOAD Drivers\STM32F0xx_HAL_Driver\Src\stm32f0xx_hal_wwdg.o
LOAD Drivers\STM32F0xx_HAL_Driver\Src\stm32f0xx_ll_adc.o
LOAD Drivers\STM32F0xx_HAL_Driver\Src\stm32f0xx_ll_comp.o
LOAD Drivers\STM32F0xx_HAL_Driver\Src\stm32f0xx_ll_crc.o
LOAD Drivers\STM32F0xx_HAL_Driver\Src\stm32f0xx_ll_crs.o
LOAD Drivers\STM32F0xx_HAL_Driver\Src\stm32f0xx_ll_dac.o
LOAD Drivers\STM32F0xx_HAL_Driver\Src\stm32f0xx_ll_dma.o
LOAD Drivers\STM32F0xx_HAL_Driver\Src\stm32f0xx_ll_exti.o
LOAD Drivers\STM32F0xx_HAL_Driver\Src\stm32f0xx_ll_gpio.o
LOAD Drivers\STM32F0xx_HAL_Driver\Src\stm32f0xx_ll_i2c.o
LOAD Drivers\STM32F0xx_HAL_Driver\Src\stm32f0xx_ll_pwr.o
LOAD Drivers\STM32F0xx_HAL_Driver\Src\stm32f0xx_ll_rcc.o
LOAD Drivers\STM32F0xx_HAL_Driver\Src\stm32f0xx_ll_rtc.o
LOAD Drivers\STM32F0xx_HAL_Driver\Src\stm32f0xx_ll_spi.o
LOAD Drivers\STM32F0xx_HAL_Driver\Src\stm32f0xx_ll_tim.o
LOAD Drivers\STM32F0xx_HAL_Driver\Src\stm32f0xx_ll_usart.o
LOAD Drivers\STM32F0xx_HAL_Driver\Src\stm32f0xx_ll_utils.o
LOAD src\gprs.o
LOAD src\i2c.o
LOAD src\main.o
LOAD src\startup_stm32f072xb.o
LOAD src\stm32f0xx_it.o
LOAD src\system_stm32f0xx.o
LOAD src\tiny_printf.o
LOAD src\uart.o
                0x00000080                malloc_getpagesize_P = 0x80
START GROUP
LOAD c:/program files (x86)/atollic/truestudio for arm 8.0.0/armtools/bin/../lib/gcc/arm-atollic-eabi/6.3.1/../../../../arm-atollic-eabi/lib/armv6-m\libc_nano.a
LOAD c:/program files (x86)/atollic/truestudio for arm 8.0.0/armtools/bin/../lib/gcc/arm-atollic-eabi/6.3.1/../../../../arm-atollic-eabi/lib/armv6-m\libm.a
END GROUP
START GROUP
LOAD c:/program files (x86)/atollic/truestudio for arm 8.0.0/armtools/bin/../lib/gcc/arm-atollic-eabi/6.3.1/armv6-m\libgcc.a
LOAD c:/program files (x86)/atollic/truestudio for arm 8.0.0/armtools/bin/../lib/gcc/arm-atollic-eabi/6.3.1/../../../../arm-atollic-eabi/lib/armv6-m\libc_nano.a
END GROUP
START GROUP
LOAD c:/program files (x86)/atollic/truestudio for arm 8.0.0/armtools/bin/../lib/gcc/arm-atollic-eabi/6.3.1/armv6-m\libgcc.a
LOAD c:/program files (x86)/atollic/truestudio for arm 8.0.0/armtools/bin/../lib/gcc/arm-atollic-eabi/6.3.1/../../../../arm-atollic-eabi/lib/armv6-m\libc_nano.a
LOAD c:/program files (x86)/atollic/truestudio for arm 8.0.0/armtools/bin/../lib/gcc/arm-atollic-eabi/6.3.1/../../../../arm-atollic-eabi/lib/armv6-m\libnosys.a
END GROUP
START GROUP
LOAD c:/program files (x86)/atollic/truestudio for arm 8.0.0/armtools/bin/../lib/gcc/arm-atollic-eabi/6.3.1/armv6-m\libgcc.a
LOAD c:/program files (x86)/atollic/truestudio for arm 8.0.0/armtools/bin/../lib/gcc/arm-atollic-eabi/6.3.1/../../../../arm-atollic-eabi/lib/armv6-m\libc_nano.a
LOAD c:/program files (x86)/atollic/truestudio for arm 8.0.0/armtools/bin/../lib/gcc/arm-atollic-eabi/6.3.1/../../../../arm-atollic-eabi/lib/armv6-m\libnosys.a
END GROUP
LOAD c:/program files (x86)/atollic/truestudio for arm 8.0.0/armtools/bin/../lib/gcc/arm-atollic-eabi/6.3.1/armv6-m/crtend.o
LOAD c:/program files (x86)/atollic/truestudio for arm 8.0.0/armtools/bin/../lib/gcc/arm-atollic-eabi/6.3.1/armv6-m/crtn.o
                0x20004000                _estack = 0x20004000
                0x00000000                _Min_Heap_Size = 0x0
                0x00000080                _Min_Stack_Size = 0x80

.isr_vector     0x08000000       0xc0
                0x08000000                . = ALIGN (0x4)
 *(.isr_vector)
 .isr_vector    0x08000000       0xc0 src\startup_stm32f072xb.o
                0x08000000                g_pfnVectors
                0x080000c0                . = ALIGN (0x4)

.text           0x080000c0     0x2984
                0x080000c0                . = ALIGN (0x4)
 *(.text)
 .text          0x080000c0       0x48 c:/program files (x86)/atollic/truestudio for arm 8.0.0/armtools/bin/../lib/gcc/arm-atollic-eabi/6.3.1/armv6-m/crtbegin.o
 .text          0x08000108        0xe c:/program files (x86)/atollic/truestudio for arm 8.0.0/armtools/bin/../lib/gcc/arm-atollic-eabi/6.3.1/../../../../arm-atollic-eabi/lib/armv6-m\libc_nano.a(lib_a-strlen.o)
                0x08000108                strlen
 *fill*         0x08000116        0x2 
 .text          0x08000118      0x114 c:/program files (x86)/atollic/truestudio for arm 8.0.0/armtools/bin/../lib/gcc/arm-atollic-eabi/6.3.1/armv6-m\libgcc.a(_udivsi3.o)
                0x08000118                __aeabi_uidiv
                0x08000118                __udivsi3
                0x08000224                __aeabi_uidivmod
 .text          0x0800022c        0x4 c:/program files (x86)/atollic/truestudio for arm 8.0.0/armtools/bin/../lib/gcc/arm-atollic-eabi/6.3.1/armv6-m\libgcc.a(_dvmd_tls.o)
                0x0800022c                __aeabi_idiv0
                0x0800022c                __aeabi_ldiv0
 *(.text*)
 .text.HAL_Init
                0x08000230       0x28 Drivers\STM32F0xx_HAL_Driver\Src\stm32f0xx_hal.o
                0x08000230                HAL_Init
 .text.HAL_MspInit
                0x08000258        0xa Drivers\STM32F0xx_HAL_Driver\Src\stm32f0xx_hal.o
                0x08000258                HAL_MspInit
 .text.HAL_InitTick
                0x08000262       0x38 Drivers\STM32F0xx_HAL_Driver\Src\stm32f0xx_hal.o
                0x08000262                HAL_InitTick
 *fill*         0x0800029a        0x2 
 .text.HAL_IncTick
                0x0800029c       0x18 Drivers\STM32F0xx_HAL_Driver\Src\stm32f0xx_hal.o
                0x0800029c                HAL_IncTick
 .text.HAL_GetTick
                0x080002b4       0x14 Drivers\STM32F0xx_HAL_Driver\Src\stm32f0xx_hal.o
                0x080002b4                HAL_GetTick
 .text.NVIC_EnableIRQ
                0x080002c8       0x2c Drivers\STM32F0xx_HAL_Driver\Src\stm32f0xx_hal_cortex.o
 .text.NVIC_SetPriority
                0x080002f4       0xdc Drivers\STM32F0xx_HAL_Driver\Src\stm32f0xx_hal_cortex.o
 .text.SysTick_Config
                0x080003d0       0x48 Drivers\STM32F0xx_HAL_Driver\Src\stm32f0xx_hal_cortex.o
 .text.HAL_NVIC_SetPriority
                0x08000418       0x2c Drivers\STM32F0xx_HAL_Driver\Src\stm32f0xx_hal_cortex.o
                0x08000418                HAL_NVIC_SetPriority
 .text.HAL_NVIC_EnableIRQ
                0x08000444       0x20 Drivers\STM32F0xx_HAL_Driver\Src\stm32f0xx_hal_cortex.o
                0x08000444                HAL_NVIC_EnableIRQ
 .text.HAL_SYSTICK_Config
                0x08000464       0x1a Drivers\STM32F0xx_HAL_Driver\Src\stm32f0xx_hal_cortex.o
                0x08000464                HAL_SYSTICK_Config
 .text.HAL_DMA_IRQHandler
                0x0800047e      0x144 Drivers\STM32F0xx_HAL_Driver\Src\stm32f0xx_hal_dma.o
                0x0800047e                HAL_DMA_IRQHandler
 *fill*         0x080005c2        0x2 
 .text.HAL_GPIO_Init
                0x080005c4      0x2f8 Drivers\STM32F0xx_HAL_Driver\Src\stm32f0xx_hal_gpio.o
                0x080005c4                HAL_GPIO_Init
 .text.HAL_I2C_Init
                0x080008bc      0x12c Drivers\STM32F0xx_HAL_Driver\Src\stm32f0xx_hal_i2c.o
                0x080008bc                HAL_I2C_Init
 .text.HAL_I2C_MspInit
                0x080009e8       0x10 Drivers\STM32F0xx_HAL_Driver\Src\stm32f0xx_hal_i2c.o
                0x080009e8                HAL_I2C_MspInit
 .text.HAL_I2C_Master_Transmit
                0x080009f8      0x228 Drivers\STM32F0xx_HAL_Driver\Src\stm32f0xx_hal_i2c.o
                0x080009f8                HAL_I2C_Master_Transmit
 .text.HAL_I2C_Master_Receive
                0x08000c20      0x228 Drivers\STM32F0xx_HAL_Driver\Src\stm32f0xx_hal_i2c.o
                0x08000c20                HAL_I2C_Master_Receive
 .text.HAL_I2C_GetState
                0x08000e48       0x18 Drivers\STM32F0xx_HAL_Driver\Src\stm32f0xx_hal_i2c.o
                0x08000e48                HAL_I2C_GetState
 .text.HAL_I2C_GetError
                0x08000e60       0x14 Drivers\STM32F0xx_HAL_Driver\Src\stm32f0xx_hal_i2c.o
                0x08000e60                HAL_I2C_GetError
 .text.I2C_Flush_TXDR
                0x08000e74       0x44 Drivers\STM32F0xx_HAL_Driver\Src\stm32f0xx_hal_i2c.o
 .text.I2C_WaitOnFlagUntilTimeout
                0x08000eb8       0x72 Drivers\STM32F0xx_HAL_Driver\Src\stm32f0xx_hal_i2c.o
 .text.I2C_WaitOnTXISFlagUntilTimeout
                0x08000f2a       0x7e Drivers\STM32F0xx_HAL_Driver\Src\stm32f0xx_hal_i2c.o
 .text.I2C_WaitOnSTOPFlagUntilTimeout
                0x08000fa8       0x78 Drivers\STM32F0xx_HAL_Driver\Src\stm32f0xx_hal_i2c.o
 .text.I2C_WaitOnRXNEFlagUntilTimeout
                0x08001020       0xbc Drivers\STM32F0xx_HAL_Driver\Src\stm32f0xx_hal_i2c.o
 .text.I2C_IsAcknowledgeFailed
                0x080010dc       0xbc Drivers\STM32F0xx_HAL_Driver\Src\stm32f0xx_hal_i2c.o
 .text.I2C_TransferConfig
                0x08001198       0x70 Drivers\STM32F0xx_HAL_Driver\Src\stm32f0xx_hal_i2c.o
 .text.HAL_I2CEx_ConfigAnalogFilter
                0x08001208       0x98 Drivers\STM32F0xx_HAL_Driver\Src\stm32f0xx_hal_i2c_ex.o
                0x08001208                HAL_I2CEx_ConfigAnalogFilter
 .text.HAL_RCC_OscConfig
                0x080012a0      0x6bc Drivers\STM32F0xx_HAL_Driver\Src\stm32f0xx_hal_rcc.o
                0x080012a0                HAL_RCC_OscConfig
 .text.HAL_RCC_ClockConfig
                0x0800195c      0x210 Drivers\STM32F0xx_HAL_Driver\Src\stm32f0xx_hal_rcc.o
                0x0800195c                HAL_RCC_ClockConfig
 .text.HAL_RCC_GetSysClockFreq
                0x08001b6c       0xfc Drivers\STM32F0xx_HAL_Driver\Src\stm32f0xx_hal_rcc.o
                0x08001b6c                HAL_RCC_GetSysClockFreq
 .text.HAL_RCC_GetHCLKFreq
                0x08001c68       0x14 Drivers\STM32F0xx_HAL_Driver\Src\stm32f0xx_hal_rcc.o
                0x08001c68                HAL_RCC_GetHCLKFreq
 .text.HAL_RCC_GetPCLK1Freq
                0x08001c7c       0x2c Drivers\STM32F0xx_HAL_Driver\Src\stm32f0xx_hal_rcc.o
                0x08001c7c                HAL_RCC_GetPCLK1Freq
 .text.HAL_UART_Init
                0x08001ca8       0xb0 Drivers\STM32F0xx_HAL_Driver\Src\stm32f0xx_hal_uart.o
                0x08001ca8                HAL_UART_Init
 .text.HAL_UART_MspInit
                0x08001d58       0x10 Drivers\STM32F0xx_HAL_Driver\Src\stm32f0xx_hal_uart.o
                0x08001d58                HAL_UART_MspInit
 .text.HAL_UART_Transmit
                0x08001d68      0x146 Drivers\STM32F0xx_HAL_Driver\Src\stm32f0xx_hal_uart.o
                0x08001d68                HAL_UART_Transmit
 *fill*         0x08001eae        0x2 
 .text.UART_SetConfig
                0x08001eb0      0x378 Drivers\STM32F0xx_HAL_Driver\Src\stm32f0xx_hal_uart.o
                0x08001eb0                UART_SetConfig
 .text.UART_AdvFeatureConfig
                0x08002228      0x158 Drivers\STM32F0xx_HAL_Driver\Src\stm32f0xx_hal_uart.o
                0x08002228                UART_AdvFeatureConfig
 .text.UART_CheckIdleState
                0x08002380       0xb0 Drivers\STM32F0xx_HAL_Driver\Src\stm32f0xx_hal_uart.o
                0x08002380                UART_CheckIdleState
 .text.UART_WaitOnFlagUntilTimeout
                0x08002430       0x98 Drivers\STM32F0xx_HAL_Driver\Src\stm32f0xx_hal_uart.o
                0x08002430                UART_WaitOnFlagUntilTimeout
 .text.write_command
                0x080024c8       0x58 src\gprs.o
                0x080024c8                write_command
 .text.read_buffer
                0x08002520       0x68 src\gprs.o
                0x08002520                read_buffer
 .text.I2C_Config
                0x08002588       0xa4 src\i2c.o
                0x08002588                I2C_Config
 .text.I2C1_Init
                0x0800262c       0x60 src\i2c.o
                0x0800262c                I2C1_Init
 .text.main     0x0800268c       0x98 src\main.o
                0x0800268c                main
 .text.SystemClock_Config
                0x08002724       0x78 src\main.o
 .text.Error_Handler
                0x0800279c        0x6 src\main.o
 *fill*         0x080027a2        0x2 
 .text.Reset_Handler
                0x080027a4       0x50 src\startup_stm32f072xb.o
                0x080027a4                Reset_Handler
 .text.Default_Handler
                0x080027f4        0x2 src\startup_stm32f072xb.o
                0x080027f4                TIM1_CC_IRQHandler
                0x080027f4                TSC_IRQHandler
                0x080027f4                ADC1_COMP_IRQHandler
                0x080027f4                I2C1_IRQHandler
                0x080027f4                RCC_CRS_IRQHandler
                0x080027f4                SPI1_IRQHandler
                0x080027f4                TIM6_DAC_IRQHandler
                0x080027f4                USART3_4_IRQHandler
                0x080027f4                EXTI2_3_IRQHandler
                0x080027f4                I2C2_IRQHandler
                0x080027f4                TIM17_IRQHandler
                0x080027f4                CEC_CAN_IRQHandler
                0x080027f4                RTC_IRQHandler
                0x080027f4                PVD_VDDIO2_IRQHandler
                0x080027f4                DMA1_Channel4_5_6_7_IRQHandler
                0x080027f4                TIM16_IRQHandler
                0x080027f4                TIM3_IRQHandler
                0x080027f4                EXTI4_15_IRQHandler
                0x080027f4                DMA1_Channel1_IRQHandler
                0x080027f4                Default_Handler
                0x080027f4                TIM14_IRQHandler
                0x080027f4                TIM7_IRQHandler
                0x080027f4                TIM15_IRQHandler
                0x080027f4                EXTI0_1_IRQHandler
                0x080027f4                USB_IRQHandler
                0x080027f4                SPI2_IRQHandler
                0x080027f4                WWDG_IRQHandler
                0x080027f4                TIM2_IRQHandler
                0x080027f4                USART2_IRQHandler
                0x080027f4                FLASH_IRQHandler
                0x080027f4                USART1_IRQHandler
                0x080027f4                TIM1_BRK_UP_TRG_COM_IRQHandler
 .text.NMI_Handler
                0x080027f6        0xa src\stm32f0xx_it.o
                0x080027f6                NMI_Handler
 .text.HardFault_Handler
                0x08002800        0x6 src\stm32f0xx_it.o
                0x08002800                HardFault_Handler
 .text.SVC_Handler
                0x08002806        0xa src\stm32f0xx_it.o
                0x08002806                SVC_Handler
 .text.PendSV_Handler
                0x08002810        0xa src\stm32f0xx_it.o
                0x08002810                PendSV_Handler
 .text.SysTick_Handler
                0x0800281a        0xe src\stm32f0xx_it.o
                0x0800281a                SysTick_Handler
 .text.DMA1_Channel2_3_IRQHandler
                0x08002828       0x24 src\stm32f0xx_it.o
                0x08002828                DMA1_Channel2_3_IRQHandler
 .text.SystemInit
                0x0800284c       0x88 src\system_stm32f0xx.o
                0x0800284c                SystemInit
 .text.UART_Config
                0x080028d4       0x84 src\uart.o
                0x080028d4                UART_Config
 .text.UART2_Init
                0x08002958       0x5c src\uart.o
                0x08002958                UART2_Init
 .text.imprimir
                0x080029b4       0x30 src\uart.o
                0x080029b4                imprimir
 .text.__libc_init_array
                0x080029e4       0x48 c:/program files (x86)/atollic/truestudio for arm 8.0.0/armtools/bin/../lib/gcc/arm-atollic-eabi/6.3.1/../../../../arm-atollic-eabi/lib/armv6-m\libc_nano.a(lib_a-init.o)
                0x080029e4                __libc_init_array
 *(.glue_7)
 .glue_7        0x08002a2c        0x0 linker stubs
 *(.glue_7t)
 .glue_7t       0x08002a2c        0x0 linker stubs
 *(.eh_frame)
 .eh_frame      0x08002a2c        0x0 c:/program files (x86)/atollic/truestudio for arm 8.0.0/armtools/bin/../lib/gcc/arm-atollic-eabi/6.3.1/armv6-m/crtbegin.o
 *(.init)
 .init          0x08002a2c        0x4 c:/program files (x86)/atollic/truestudio for arm 8.0.0/armtools/bin/../lib/gcc/arm-atollic-eabi/6.3.1/armv6-m/crti.o
                0x08002a2c                _init
 .init          0x08002a30        0x8 c:/program files (x86)/atollic/truestudio for arm 8.0.0/armtools/bin/../lib/gcc/arm-atollic-eabi/6.3.1/armv6-m/crtn.o
 *(.fini)
 .fini          0x08002a38        0x4 c:/program files (x86)/atollic/truestudio for arm 8.0.0/armtools/bin/../lib/gcc/arm-atollic-eabi/6.3.1/armv6-m/crti.o
                0x08002a38                _fini
 .fini          0x08002a3c        0x8 c:/program files (x86)/atollic/truestudio for arm 8.0.0/armtools/bin/../lib/gcc/arm-atollic-eabi/6.3.1/armv6-m/crtn.o
                0x08002a44                . = ALIGN (0x4)
                0x08002a44                _etext = .

.vfp11_veneer   0x08002a44        0x0
 .vfp11_veneer  0x08002a44        0x0 linker stubs

.v4_bx          0x08002a44        0x0
 .v4_bx         0x08002a44        0x0 linker stubs

.iplt           0x08002a44        0x0
 .iplt          0x08002a44        0x0 c:/program files (x86)/atollic/truestudio for arm 8.0.0/armtools/bin/../lib/gcc/arm-atollic-eabi/6.3.1/armv6-m/crtbegin.o

.rodata         0x08002a44       0x9c
                0x08002a44                . = ALIGN (0x4)
 *(.rodata)
 .rodata        0x08002a44       0x20 Drivers\STM32F0xx_HAL_Driver\Src\stm32f0xx_hal_rcc.o
 .rodata        0x08002a64        0x6 src\gprs.o
 *fill*         0x08002a6a        0x2 
 .rodata        0x08002a6c       0x5a src\main.o
 *(.rodata*)
 *fill*         0x08002ac6        0x2 
 .rodata.AHBPrescTable
                0x08002ac8       0x10 src\system_stm32f0xx.o
                0x08002ac8                AHBPrescTable
 .rodata.APBPrescTable
                0x08002ad8        0x8 src\system_stm32f0xx.o
                0x08002ad8                APBPrescTable
                0x08002ae0                . = ALIGN (0x4)

.rel.dyn        0x08002ae0        0x0
 .rel.iplt      0x08002ae0        0x0 c:/program files (x86)/atollic/truestudio for arm 8.0.0/armtools/bin/../lib/gcc/arm-atollic-eabi/6.3.1/armv6-m/crtbegin.o

.ARM.extab
 *(.ARM.extab* .gnu.linkonce.armextab.*)

.ARM            0x08002ae0        0x0
                0x08002ae0                __exidx_start = .
 *(.ARM.exidx*)
                0x08002ae0                __exidx_end = .

.preinit_array  0x08002ae0        0x0
                0x08002ae0                PROVIDE (__preinit_array_start, .)
 *(.preinit_array*)
                0x08002ae0                PROVIDE (__preinit_array_end, .)

.init_array     0x08002ae0        0x4
                0x08002ae0                PROVIDE (__init_array_start, .)
 *(SORT(.init_array.*))
 *(.init_array*)
 .init_array    0x08002ae0        0x4 c:/program files (x86)/atollic/truestudio for arm 8.0.0/armtools/bin/../lib/gcc/arm-atollic-eabi/6.3.1/armv6-m/crtbegin.o
                0x08002ae4                PROVIDE (__init_array_end, .)

.fini_array     0x08002ae4        0x4
                [!provide]                PROVIDE (__fini_array_start, .)
 *(SORT(.fini_array.*))
 *(.fini_array*)
 .fini_array    0x08002ae4        0x4 c:/program files (x86)/atollic/truestudio for arm 8.0.0/armtools/bin/../lib/gcc/arm-atollic-eabi/6.3.1/armv6-m/crtbegin.o
                [!provide]                PROVIDE (__fini_array_end, .)
                0x08002ae8                _sidata = LOADADDR (.data)

.data           0x20000000        0x8 load address 0x08002ae8
                0x20000000                . = ALIGN (0x4)
                0x20000000                _sdata = .
 *(.data)
 *(.data*)
 .data.RXBUFFERSIZE
                0x20000000        0x1 src\gprs.o
                0x20000000                RXBUFFERSIZE
 *fill*         0x20000001        0x3 
 .data.SystemCoreClock
                0x20000004        0x4 src\system_stm32f0xx.o
                0x20000004                SystemCoreClock
                0x20000008                . = ALIGN (0x4)
                0x20000008                _edata = .

.igot.plt       0x20000008        0x0 load address 0x08002af0
 .igot.plt      0x20000008        0x0 c:/program files (x86)/atollic/truestudio for arm 8.0.0/armtools/bin/../lib/gcc/arm-atollic-eabi/6.3.1/armv6-m/crtbegin.o
                0x20000008                . = ALIGN (0x4)

.bss            0x20000008      0x1dc load address 0x08002af0
                0x20000008                _sbss = .
                0x20000008                __bss_start__ = _sbss
 *(.bss)
 .bss           0x20000008       0x1c c:/program files (x86)/atollic/truestudio for arm 8.0.0/armtools/bin/../lib/gcc/arm-atollic-eabi/6.3.1/armv6-m/crtbegin.o
 *(.bss*)
 *(COMMON)
 COMMON         0x20000024        0x4 Drivers\STM32F0xx_HAL_Driver\Src\stm32f0xx_hal.o
                0x20000024                uwTick
 COMMON         0x20000028        0x5 src\gprs.o
                0x20000028                aRxBuffer
 *fill*         0x2000002d        0x3 
 COMMON         0x20000030       0x4c src\i2c.o
                0x20000030                hi2c1
 COMMON         0x2000007c      0x168 src\uart.o
                0x2000007c                hdma_usart1_tx
                0x200000c0                hdma_usart1_rx
                0x20000104                huart1
                0x20000174                huart2
                0x200001e4                . = ALIGN (0x4)
                0x200001e4                _ebss = .
                0x200001e4                __bss_end__ = _ebss

._user_heap_stack
                0x200001e4       0x80 load address 0x08002af0
                0x200001e4                . = ALIGN (0x4)
                [!provide]                PROVIDE (end, .)
                [!provide]                PROVIDE (_end, .)
                0x200001e4                . = (. + _Min_Heap_Size)
                0x20000264                . = (. + _Min_Stack_Size)
 *fill*         0x200001e4       0x80 
                0x20000264                . = ALIGN (0x4)

.memory_b1_text
 *(.mb1text)
 *(.mb1text*)
 *(.mb1rodata)
 *(.mb1rodata*)

/DISCARD/
 libc.a(*)
 libm.a(*)
 libgcc.a(*)

.ARM.attributes
                0x00000000       0x28
 *(.ARM.attributes)
 .ARM.attributes
                0x00000000       0x1e c:/program files (x86)/atollic/truestudio for arm 8.0.0/armtools/bin/../lib/gcc/arm-atollic-eabi/6.3.1/armv6-m/crti.o
 .ARM.attributes
                0x0000001e       0x2c c:/program files (x86)/atollic/truestudio for arm 8.0.0/armtools/bin/../lib/gcc/arm-atollic-eabi/6.3.1/armv6-m/crtbegin.o
 .ARM.attributes
                0x0000004a       0x31 Drivers\STM32F0xx_HAL_Driver\Src\stm32f0xx_hal.o
 .ARM.attributes
                0x0000007b       0x31 Drivers\STM32F0xx_HAL_Driver\Src\stm32f0xx_hal_cortex.o
 .ARM.attributes
                0x000000ac       0x31 Drivers\STM32F0xx_HAL_Driver\Src\stm32f0xx_hal_dma.o
 .ARM.attributes
                0x000000dd       0x31 Drivers\STM32F0xx_HAL_Driver\Src\stm32f0xx_hal_gpio.o
 .ARM.attributes
                0x0000010e       0x31 Drivers\STM32F0xx_HAL_Driver\Src\stm32f0xx_hal_i2c.o
 .ARM.attributes
                0x0000013f       0x31 Drivers\STM32F0xx_HAL_Driver\Src\stm32f0xx_hal_i2c_ex.o
 .ARM.attributes
                0x00000170       0x31 Drivers\STM32F0xx_HAL_Driver\Src\stm32f0xx_hal_rcc.o
 .ARM.attributes
                0x000001a1       0x31 Drivers\STM32F0xx_HAL_Driver\Src\stm32f0xx_hal_uart.o
 .ARM.attributes
                0x000001d2       0x31 src\gprs.o
 .ARM.attributes
                0x00000203       0x31 src\i2c.o
 .ARM.attributes
                0x00000234       0x31 src\main.o
 .ARM.attributes
                0x00000265       0x21 src\startup_stm32f072xb.o
 .ARM.attributes
                0x00000286       0x31 src\stm32f0xx_it.o
 .ARM.attributes
                0x000002b7       0x31 src\system_stm32f0xx.o
 .ARM.attributes
                0x000002e8       0x31 src\uart.o
 .ARM.attributes
                0x00000319       0x2c c:/program files (x86)/atollic/truestudio for arm 8.0.0/armtools/bin/../lib/gcc/arm-atollic-eabi/6.3.1/../../../../arm-atollic-eabi/lib/armv6-m\libc_nano.a(lib_a-init.o)
 .ARM.attributes
                0x00000345       0x1c c:/program files (x86)/atollic/truestudio for arm 8.0.0/armtools/bin/../lib/gcc/arm-atollic-eabi/6.3.1/../../../../arm-atollic-eabi/lib/armv6-m\libc_nano.a(lib_a-strlen.o)
 .ARM.attributes
                0x00000361       0x1e c:/program files (x86)/atollic/truestudio for arm 8.0.0/armtools/bin/../lib/gcc/arm-atollic-eabi/6.3.1/armv6-m\libgcc.a(_udivsi3.o)
 .ARM.attributes
                0x0000037f       0x1e c:/program files (x86)/atollic/truestudio for arm 8.0.0/armtools/bin/../lib/gcc/arm-atollic-eabi/6.3.1/armv6-m\libgcc.a(_dvmd_tls.o)
 .ARM.attributes
                0x0000039d       0x1e c:/program files (x86)/atollic/truestudio for arm 8.0.0/armtools/bin/../lib/gcc/arm-atollic-eabi/6.3.1/armv6-m/crtn.o
OUTPUT(GPRS.elf elf32-littlearm)

.debug_info     0x00000000     0xef0d
 .debug_info    0x00000000      0xda3 Drivers\STM32F0xx_HAL_Driver\Src\stm32f0xx_hal.o
 .debug_info    0x00000da3      0xf3d Drivers\STM32F0xx_HAL_Driver\Src\stm32f0xx_hal_cortex.o
 .debug_info    0x00001ce0      0xf61 Drivers\STM32F0xx_HAL_Driver\Src\stm32f0xx_hal_dma.o
 .debug_info    0x00002c41      0xe52 Drivers\STM32F0xx_HAL_Driver\Src\stm32f0xx_hal_gpio.o
 .debug_info    0x00003a93     0x23b0 Drivers\STM32F0xx_HAL_Driver\Src\stm32f0xx_hal_i2c.o
 .debug_info    0x00005e43     0x1082 Drivers\STM32F0xx_HAL_Driver\Src\stm32f0xx_hal_i2c_ex.o
 .debug_info    0x00006ec5      0xfa9 Drivers\STM32F0xx_HAL_Driver\Src\stm32f0xx_hal_rcc.o
 .debug_info    0x00007e6e     0x1b56 Drivers\STM32F0xx_HAL_Driver\Src\stm32f0xx_hal_uart.o
 .debug_info    0x000099c4     0x11ee src\gprs.o
 .debug_info    0x0000abb2     0x104c src\i2c.o
 .debug_info    0x0000bbfe     0x12be src\main.o
 .debug_info    0x0000cebc       0x78 src\startup_stm32f072xb.o
 .debug_info    0x0000cf34      0xb8f src\stm32f0xx_it.o
 .debug_info    0x0000dac3      0x24a src\system_stm32f0xx.o
 .debug_info    0x0000dd0d     0x1200 src\uart.o

.debug_abbrev   0x00000000     0x1ec3
 .debug_abbrev  0x00000000      0x266 Drivers\STM32F0xx_HAL_Driver\Src\stm32f0xx_hal.o
 .debug_abbrev  0x00000266      0x30f Drivers\STM32F0xx_HAL_Driver\Src\stm32f0xx_hal_cortex.o
 .debug_abbrev  0x00000575      0x282 Drivers\STM32F0xx_HAL_Driver\Src\stm32f0xx_hal_dma.o
 .debug_abbrev  0x000007f7      0x24c Drivers\STM32F0xx_HAL_Driver\Src\stm32f0xx_hal_gpio.o
 .debug_abbrev  0x00000a43      0x2a5 Drivers\STM32F0xx_HAL_Driver\Src\stm32f0xx_hal_i2c.o
 .debug_abbrev  0x00000ce8      0x21a Drivers\STM32F0xx_HAL_Driver\Src\stm32f0xx_hal_i2c_ex.o
 .debug_abbrev  0x00000f02      0x281 Drivers\STM32F0xx_HAL_Driver\Src\stm32f0xx_hal_rcc.o
 .debug_abbrev  0x00001183      0x271 Drivers\STM32F0xx_HAL_Driver\Src\stm32f0xx_hal_uart.o
 .debug_abbrev  0x000013f4      0x20d src\gprs.o
 .debug_abbrev  0x00001601      0x1e7 src\i2c.o
 .debug_abbrev  0x000017e8      0x1ed src\main.o
 .debug_abbrev  0x000019d5       0x12 src\startup_stm32f072xb.o
 .debug_abbrev  0x000019e7      0x1b5 src\stm32f0xx_it.o
 .debug_abbrev  0x00001b9c       0xfd src\system_stm32f0xx.o
 .debug_abbrev  0x00001c99      0x22a src\uart.o

.debug_aranges  0x00000000      0x8b0
 .debug_aranges
                0x00000000       0xa0 Drivers\STM32F0xx_HAL_Driver\Src\stm32f0xx_hal.o
 .debug_aranges
                0x000000a0       0xc0 Drivers\STM32F0xx_HAL_Driver\Src\stm32f0xx_hal_cortex.o
 .debug_aranges
                0x00000160       0x88 Drivers\STM32F0xx_HAL_Driver\Src\stm32f0xx_hal_dma.o
 .debug_aranges
                0x000001e8       0x58 Drivers\STM32F0xx_HAL_Driver\Src\stm32f0xx_hal_gpio.o
 .debug_aranges
                0x00000240      0x260 Drivers\STM32F0xx_HAL_Driver\Src\stm32f0xx_hal_i2c.o
 .debug_aranges
                0x000004a0       0x48 Drivers\STM32F0xx_HAL_Driver\Src\stm32f0xx_hal_i2c_ex.o
 .debug_aranges
                0x000004e8       0x80 Drivers\STM32F0xx_HAL_Driver\Src\stm32f0xx_hal_rcc.o
 .debug_aranges
                0x00000568      0x1d8 Drivers\STM32F0xx_HAL_Driver\Src\stm32f0xx_hal_uart.o
 .debug_aranges
                0x00000740       0x38 src\gprs.o
 .debug_aranges
                0x00000778       0x28 src\i2c.o
 .debug_aranges
                0x000007a0       0x30 src\main.o
 .debug_aranges
                0x000007d0       0x28 src\startup_stm32f072xb.o
 .debug_aranges
                0x000007f8       0x48 src\stm32f0xx_it.o
 .debug_aranges
                0x00000840       0x28 src\system_stm32f0xx.o
 .debug_aranges
                0x00000868       0x48 src\uart.o

.debug_ranges   0x00000000      0x7c8
 .debug_ranges  0x00000000       0x90 Drivers\STM32F0xx_HAL_Driver\Src\stm32f0xx_hal.o
 .debug_ranges  0x00000090       0xb0 Drivers\STM32F0xx_HAL_Driver\Src\stm32f0xx_hal_cortex.o
 .debug_ranges  0x00000140       0x78 Drivers\STM32F0xx_HAL_Driver\Src\stm32f0xx_hal_dma.o
 .debug_ranges  0x000001b8       0x48 Drivers\STM32F0xx_HAL_Driver\Src\stm32f0xx_hal_gpio.o
 .debug_ranges  0x00000200      0x250 Drivers\STM32F0xx_HAL_Driver\Src\stm32f0xx_hal_i2c.o
 .debug_ranges  0x00000450       0x38 Drivers\STM32F0xx_HAL_Driver\Src\stm32f0xx_hal_i2c_ex.o
 .debug_ranges  0x00000488       0x70 Drivers\STM32F0xx_HAL_Driver\Src\stm32f0xx_hal_rcc.o
 .debug_ranges  0x000004f8      0x1c8 Drivers\STM32F0xx_HAL_Driver\Src\stm32f0xx_hal_uart.o
 .debug_ranges  0x000006c0       0x28 src\gprs.o
 .debug_ranges  0x000006e8       0x18 src\i2c.o
 .debug_ranges  0x00000700       0x20 src\main.o
 .debug_ranges  0x00000720       0x20 src\startup_stm32f072xb.o
 .debug_ranges  0x00000740       0x38 src\stm32f0xx_it.o
 .debug_ranges  0x00000778       0x18 src\system_stm32f0xx.o
 .debug_ranges  0x00000790       0x38 src\uart.o

.debug_line     0x00000000     0x49e0
 .debug_line    0x00000000      0x3c5 Drivers\STM32F0xx_HAL_Driver\Src\stm32f0xx_hal.o
 .debug_line    0x000003c5      0x423 Drivers\STM32F0xx_HAL_Driver\Src\stm32f0xx_hal_cortex.o
 .debug_line    0x000007e8      0x498 Drivers\STM32F0xx_HAL_Driver\Src\stm32f0xx_hal_dma.o
 .debug_line    0x00000c80      0x418 Drivers\STM32F0xx_HAL_Driver\Src\stm32f0xx_hal_gpio.o
 .debug_line    0x00001098     0x134e Drivers\STM32F0xx_HAL_Driver\Src\stm32f0xx_hal_i2c.o
 .debug_line    0x000023e6      0x3d5 Drivers\STM32F0xx_HAL_Driver\Src\stm32f0xx_hal_i2c_ex.o
 .debug_line    0x000027bb      0x527 Drivers\STM32F0xx_HAL_Driver\Src\stm32f0xx_hal_rcc.o
 .debug_line    0x00002ce2      0xc6c Drivers\STM32F0xx_HAL_Driver\Src\stm32f0xx_hal_uart.o
 .debug_line    0x0000394e      0x2d8 src\gprs.o
 .debug_line    0x00003c26      0x2ae src\i2c.o
 .debug_line    0x00003ed4      0x313 src\main.o
 .debug_line    0x000041e7       0x7f src\startup_stm32f072xb.o
 .debug_line    0x00004266      0x2bf src\stm32f0xx_it.o
 .debug_line    0x00004525      0x1bb src\system_stm32f0xx.o
 .debug_line    0x000046e0      0x300 src\uart.o

.debug_str      0x00000000     0x2a2b
 .debug_str     0x00000000      0x9ae Drivers\STM32F0xx_HAL_Driver\Src\stm32f0xx_hal.o
                                0xa3b (size before relaxing)
 .debug_str     0x000009ae      0x220 Drivers\STM32F0xx_HAL_Driver\Src\stm32f0xx_hal_cortex.o
                                0xaab (size before relaxing)
 .debug_str     0x00000bce      0x3f9 Drivers\STM32F0xx_HAL_Driver\Src\stm32f0xx_hal_dma.o
                                0xa71 (size before relaxing)
 .debug_str     0x00000fc7      0x1c7 Drivers\STM32F0xx_HAL_Driver\Src\stm32f0xx_hal_gpio.o
                                0x86e (size before relaxing)
 .debug_str     0x0000118e      0xa30 Drivers\STM32F0xx_HAL_Driver\Src\stm32f0xx_hal_i2c.o
                               0x12a3 (size before relaxing)
 .debug_str     0x00001bbe       0xf3 Drivers\STM32F0xx_HAL_Driver\Src\stm32f0xx_hal_i2c_ex.o
                                0xc37 (size before relaxing)
 .debug_str     0x00001cb1      0x2f4 Drivers\STM32F0xx_HAL_Driver\Src\stm32f0xx_hal_rcc.o
                                0xa2b (size before relaxing)
 .debug_str     0x00001fa5      0x856 Drivers\STM32F0xx_HAL_Driver\Src\stm32f0xx_hal_uart.o
                               0x1153 (size before relaxing)
 .debug_str     0x000027fb       0x82 src\gprs.o
                                0xd9a (size before relaxing)
 .debug_str     0x0000287d       0x32 src\i2c.o
                                0xb8f (size before relaxing)
 .debug_str     0x000028af       0x46 src\main.o
                                0xe90 (size before relaxing)
 .debug_str     0x000028f5       0x98 src\stm32f0xx_it.o
                                0x856 (size before relaxing)
 .debug_str     0x0000298d       0x5a src\system_stm32f0xx.o
                                0x267 (size before relaxing)
 .debug_str     0x000029e7       0x44 src\uart.o
                                0xd98 (size before relaxing)

.comment        0x00000000       0x7c
 .comment       0x00000000       0x7c Drivers\STM32F0xx_HAL_Driver\Src\stm32f0xx_hal.o
                                 0x7d (size before relaxing)
 .comment       0x0000007c       0x7d Drivers\STM32F0xx_HAL_Driver\Src\stm32f0xx_hal_cortex.o
 .comment       0x0000007c       0x7d Drivers\STM32F0xx_HAL_Driver\Src\stm32f0xx_hal_dma.o
 .comment       0x0000007c       0x7d Drivers\STM32F0xx_HAL_Driver\Src\stm32f0xx_hal_gpio.o
 .comment       0x0000007c       0x7d Drivers\STM32F0xx_HAL_Driver\Src\stm32f0xx_hal_i2c.o
 .comment       0x0000007c       0x7d Drivers\STM32F0xx_HAL_Driver\Src\stm32f0xx_hal_i2c_ex.o
 .comment       0x0000007c       0x7d Drivers\STM32F0xx_HAL_Driver\Src\stm32f0xx_hal_rcc.o
 .comment       0x0000007c       0x7d Drivers\STM32F0xx_HAL_Driver\Src\stm32f0xx_hal_uart.o
 .comment       0x0000007c       0x7d src\gprs.o
 .comment       0x0000007c       0x7d src\i2c.o
 .comment       0x0000007c       0x7d src\main.o
 .comment       0x0000007c       0x7d src\stm32f0xx_it.o
 .comment       0x0000007c       0x7d src\system_stm32f0xx.o
 .comment       0x0000007c       0x7d src\uart.o

.debug_frame    0x00000000     0x1d78
 .debug_frame   0x00000000      0x1f4 Drivers\STM32F0xx_HAL_Driver\Src\stm32f0xx_hal.o
 .debug_frame   0x000001f4      0x2a4 Drivers\STM32F0xx_HAL_Driver\Src\stm32f0xx_hal_cortex.o
 .debug_frame   0x00000498      0x1d0 Drivers\STM32F0xx_HAL_Driver\Src\stm32f0xx_hal_dma.o
 .debug_frame   0x00000668      0x110 Drivers\STM32F0xx_HAL_Driver\Src\stm32f0xx_hal_gpio.o
 .debug_frame   0x00000778      0x930 Drivers\STM32F0xx_HAL_Driver\Src\stm32f0xx_hal_i2c.o
 .debug_frame   0x000010a8       0xd0 Drivers\STM32F0xx_HAL_Driver\Src\stm32f0xx_hal_i2c_ex.o
 .debug_frame   0x00001178      0x194 Drivers\STM32F0xx_HAL_Driver\Src\stm32f0xx_hal_rcc.o
 .debug_frame   0x0000130c      0x710 Drivers\STM32F0xx_HAL_Driver\Src\stm32f0xx_hal_uart.o
 .debug_frame   0x00001a1c       0x90 src\gprs.o
 .debug_frame   0x00001aac       0x4c src\i2c.o
 .debug_frame   0x00001af8       0x68 src\main.o
 .debug_frame   0x00001b60       0xb8 src\stm32f0xx_it.o
 .debug_frame   0x00001c18       0x4c src\system_stm32f0xx.o
 .debug_frame   0x00001c64       0xc8 src\uart.o
 .debug_frame   0x00001d2c       0x2c c:/program files (x86)/atollic/truestudio for arm 8.0.0/armtools/bin/../lib/gcc/arm-atollic-eabi/6.3.1/../../../../arm-atollic-eabi/lib/armv6-m\libc_nano.a(lib_a-init.o)
 .debug_frame   0x00001d58       0x20 c:/program files (x86)/atollic/truestudio for arm 8.0.0/armtools/bin/../lib/gcc/arm-atollic-eabi/6.3.1/armv6-m\libgcc.a(_udivsi3.o)

.stabstr        0x00000000       0x3f
 .stabstr       0x00000000       0x3f c:/program files (x86)/atollic/truestudio for arm 8.0.0/armtools/bin/../lib/gcc/arm-atollic-eabi/6.3.1/../../../../arm-atollic-eabi/lib/armv6-m\libnosys.a(write.o)

Cross Reference Table

Symbol                                            File
ADC1_COMP_IRQHandler                              src\startup_stm32f072xb.o
AHBPrescTable                                     src\system_stm32f0xx.o
                                                  Drivers\STM32F0xx_HAL_Driver\Src\stm32f0xx_ll_utils.o
                                                  Drivers\STM32F0xx_HAL_Driver\Src\stm32f0xx_hal_rcc.o
APBPrescTable                                     src\system_stm32f0xx.o
                                                  Drivers\STM32F0xx_HAL_Driver\Src\stm32f0xx_hal_rcc.o
BSP_GetVersion                                    Drivers\BSP\STM32F0xx-Nucleo\stm32f0xx_nucleo.o
BSP_LED_DeInit                                    Drivers\BSP\STM32F0xx-Nucleo\stm32f0xx_nucleo.o
BSP_LED_Init                                      Drivers\BSP\STM32F0xx-Nucleo\stm32f0xx_nucleo.o
BSP_LED_Off                                       Drivers\BSP\STM32F0xx-Nucleo\stm32f0xx_nucleo.o
BSP_LED_On                                        Drivers\BSP\STM32F0xx-Nucleo\stm32f0xx_nucleo.o
BSP_LED_Toggle                                    Drivers\BSP\STM32F0xx-Nucleo\stm32f0xx_nucleo.o
BSP_PB_DeInit                                     Drivers\BSP\STM32F0xx-Nucleo\stm32f0xx_nucleo.o
BSP_PB_GetState                                   Drivers\BSP\STM32F0xx-Nucleo\stm32f0xx_nucleo.o
BSP_PB_Init                                       Drivers\BSP\STM32F0xx-Nucleo\stm32f0xx_nucleo.o
BUTTON_IRQn                                       Drivers\BSP\STM32F0xx-Nucleo\stm32f0xx_nucleo.o
BUTTON_PIN                                        Drivers\BSP\STM32F0xx-Nucleo\stm32f0xx_nucleo.o
BUTTON_PORT                                       Drivers\BSP\STM32F0xx-Nucleo\stm32f0xx_nucleo.o
CEC_CAN_IRQHandler                                src\startup_stm32f072xb.o
DMA1_Channel1_IRQHandler                          src\startup_stm32f072xb.o
DMA1_Channel2_3_IRQHandler                        src\stm32f0xx_it.o
                                                  src\startup_stm32f072xb.o
DMA1_Channel4_5_6_7_IRQHandler                    src\startup_stm32f072xb.o
Default_Handler                                   src\startup_stm32f072xb.o
EXTI0_1_IRQHandler                                src\startup_stm32f072xb.o
EXTI2_3_IRQHandler                                src\startup_stm32f072xb.o
EXTI4_15_IRQHandler                               src\startup_stm32f072xb.o
FLASH_IRQHandler                                  src\startup_stm32f072xb.o
FLASH_PageErase                                   Drivers\STM32F0xx_HAL_Driver\Src\stm32f0xx_hal_flash_ex.o
                                                  Drivers\STM32F0xx_HAL_Driver\Src\stm32f0xx_hal_flash.o
FLASH_WaitForLastOperation                        Drivers\STM32F0xx_HAL_Driver\Src\stm32f0xx_hal_flash.o
                                                  Drivers\STM32F0xx_HAL_Driver\Src\stm32f0xx_hal_flash_ex.o
HAL_DBGMCU_DisableDBGStandbyMode                  Drivers\STM32F0xx_HAL_Driver\Src\stm32f0xx_hal.o
HAL_DBGMCU_DisableDBGStopMode                     Drivers\STM32F0xx_HAL_Driver\Src\stm32f0xx_hal.o
HAL_DBGMCU_EnableDBGStandbyMode                   Drivers\STM32F0xx_HAL_Driver\Src\stm32f0xx_hal.o
HAL_DBGMCU_EnableDBGStopMode                      Drivers\STM32F0xx_HAL_Driver\Src\stm32f0xx_hal.o
HAL_DMA_Abort                                     Drivers\STM32F0xx_HAL_Driver\Src\stm32f0xx_hal_dma.o
                                                  Drivers\STM32F0xx_HAL_Driver\Src\stm32f0xx_hal_usart.o
                                                  Drivers\STM32F0xx_HAL_Driver\Src\stm32f0xx_hal_uart.o
HAL_DMA_Abort_IT                                  Drivers\STM32F0xx_HAL_Driver\Src\stm32f0xx_hal_dma.o
                                                  Drivers\STM32F0xx_HAL_Driver\Src\stm32f0xx_hal_usart.o
                                                  Drivers\STM32F0xx_HAL_Driver\Src\stm32f0xx_hal_uart.o
                                                  Drivers\STM32F0xx_HAL_Driver\Src\stm32f0xx_hal_i2c.o
HAL_DMA_DeInit                                    Drivers\STM32F0xx_HAL_Driver\Src\stm32f0xx_hal_dma.o
HAL_DMA_GetError                                  Drivers\STM32F0xx_HAL_Driver\Src\stm32f0xx_hal_dma.o
HAL_DMA_GetState                                  Drivers\STM32F0xx_HAL_Driver\Src\stm32f0xx_hal_dma.o
HAL_DMA_IRQHandler                                Drivers\STM32F0xx_HAL_Driver\Src\stm32f0xx_hal_dma.o
                                                  src\stm32f0xx_it.o
HAL_DMA_Init                                      Drivers\STM32F0xx_HAL_Driver\Src\stm32f0xx_hal_dma.o
HAL_DMA_PollForTransfer                           Drivers\STM32F0xx_HAL_Driver\Src\stm32f0xx_hal_dma.o
HAL_DMA_RegisterCallback                          Drivers\STM32F0xx_HAL_Driver\Src\stm32f0xx_hal_dma.o
HAL_DMA_Start                                     Drivers\STM32F0xx_HAL_Driver\Src\stm32f0xx_hal_dma.o
HAL_DMA_Start_IT                                  Drivers\STM32F0xx_HAL_Driver\Src\stm32f0xx_hal_dma.o
                                                  Drivers\STM32F0xx_HAL_Driver\Src\stm32f0xx_hal_usart.o
                                                  Drivers\STM32F0xx_HAL_Driver\Src\stm32f0xx_hal_uart.o
                                                  Drivers\STM32F0xx_HAL_Driver\Src\stm32f0xx_hal_i2c.o
HAL_DMA_UnRegisterCallback                        Drivers\STM32F0xx_HAL_Driver\Src\stm32f0xx_hal_dma.o
HAL_DeInit                                        Drivers\STM32F0xx_HAL_Driver\Src\stm32f0xx_hal.o
HAL_Delay                                         Drivers\STM32F0xx_HAL_Driver\Src\stm32f0xx_hal.o
HAL_FLASHEx_Erase                                 Drivers\STM32F0xx_HAL_Driver\Src\stm32f0xx_hal_flash_ex.o
HAL_FLASHEx_Erase_IT                              Drivers\STM32F0xx_HAL_Driver\Src\stm32f0xx_hal_flash_ex.o
HAL_FLASHEx_OBErase                               Drivers\STM32F0xx_HAL_Driver\Src\stm32f0xx_hal_flash_ex.o
HAL_FLASHEx_OBGetConfig                           Drivers\STM32F0xx_HAL_Driver\Src\stm32f0xx_hal_flash_ex.o
HAL_FLASHEx_OBGetUserData                         Drivers\STM32F0xx_HAL_Driver\Src\stm32f0xx_hal_flash_ex.o
HAL_FLASHEx_OBProgram                             Drivers\STM32F0xx_HAL_Driver\Src\stm32f0xx_hal_flash_ex.o
HAL_FLASH_EndOfOperationCallback                  Drivers\STM32F0xx_HAL_Driver\Src\stm32f0xx_hal_flash.o
HAL_FLASH_GetError                                Drivers\STM32F0xx_HAL_Driver\Src\stm32f0xx_hal_flash.o
HAL_FLASH_IRQHandler                              Drivers\STM32F0xx_HAL_Driver\Src\stm32f0xx_hal_flash.o
HAL_FLASH_Lock                                    Drivers\STM32F0xx_HAL_Driver\Src\stm32f0xx_hal_flash.o
HAL_FLASH_OB_Launch                               Drivers\STM32F0xx_HAL_Driver\Src\stm32f0xx_hal_flash.o
HAL_FLASH_OB_Lock                                 Drivers\STM32F0xx_HAL_Driver\Src\stm32f0xx_hal_flash.o
HAL_FLASH_OB_Unlock                               Drivers\STM32F0xx_HAL_Driver\Src\stm32f0xx_hal_flash.o
HAL_FLASH_OperationErrorCallback                  Drivers\STM32F0xx_HAL_Driver\Src\stm32f0xx_hal_flash.o
HAL_FLASH_Program                                 Drivers\STM32F0xx_HAL_Driver\Src\stm32f0xx_hal_flash.o
HAL_FLASH_Program_IT                              Drivers\STM32F0xx_HAL_Driver\Src\stm32f0xx_hal_flash.o
HAL_FLASH_Unlock                                  Drivers\STM32F0xx_HAL_Driver\Src\stm32f0xx_hal_flash.o
HAL_GPIO_DeInit                                   Drivers\STM32F0xx_HAL_Driver\Src\stm32f0xx_hal_gpio.o
                                                  Drivers\BSP\STM32F0xx-Nucleo\stm32f0xx_nucleo.o
HAL_GPIO_EXTI_Callback                            Drivers\STM32F0xx_HAL_Driver\Src\stm32f0xx_hal_gpio.o
HAL_GPIO_EXTI_IRQHandler                          Drivers\STM32F0xx_HAL_Driver\Src\stm32f0xx_hal_gpio.o
HAL_GPIO_Init                                     Drivers\STM32F0xx_HAL_Driver\Src\stm32f0xx_hal_gpio.o
                                                  src\uart.o
                                                  src\i2c.o
                                                  Drivers\STM32F0xx_HAL_Driver\Src\stm32f0xx_hal_rcc.o
                                                  Drivers\BSP\STM32F0xx-Nucleo\stm32f0xx_nucleo.o
HAL_GPIO_LockPin                                  Drivers\STM32F0xx_HAL_Driver\Src\stm32f0xx_hal_gpio.o
HAL_GPIO_ReadPin                                  Drivers\STM32F0xx_HAL_Driver\Src\stm32f0xx_hal_gpio.o
                                                  Drivers\BSP\STM32F0xx-Nucleo\stm32f0xx_nucleo.o
HAL_GPIO_TogglePin                                Drivers\STM32F0xx_HAL_Driver\Src\stm32f0xx_hal_gpio.o
                                                  Drivers\BSP\STM32F0xx-Nucleo\stm32f0xx_nucleo.o
HAL_GPIO_WritePin                                 Drivers\STM32F0xx_HAL_Driver\Src\stm32f0xx_hal_gpio.o
                                                  Drivers\BSP\STM32F0xx-Nucleo\stm32f0xx_nucleo.o
HAL_GetDEVID                                      Drivers\STM32F0xx_HAL_Driver\Src\stm32f0xx_hal.o
HAL_GetHalVersion                                 Drivers\STM32F0xx_HAL_Driver\Src\stm32f0xx_hal.o
HAL_GetREVID                                      Drivers\STM32F0xx_HAL_Driver\Src\stm32f0xx_hal.o
HAL_GetTick                                       Drivers\STM32F0xx_HAL_Driver\Src\stm32f0xx_hal.o
                                                  Drivers\STM32F0xx_HAL_Driver\Src\stm32f0xx_hal_usart.o
                                                  Drivers\STM32F0xx_HAL_Driver\Src\stm32f0xx_hal_uart_ex.o
                                                  Drivers\STM32F0xx_HAL_Driver\Src\stm32f0xx_hal_uart.o
                                                  Drivers\STM32F0xx_HAL_Driver\Src\stm32f0xx_hal_rcc_ex.o
                                                  Drivers\STM32F0xx_HAL_Driver\Src\stm32f0xx_hal_rcc.o
                                                  Drivers\STM32F0xx_HAL_Driver\Src\stm32f0xx_hal_i2c.o
                                                  Drivers\STM32F0xx_HAL_Driver\Src\stm32f0xx_hal_flash.o
                                                  Drivers\STM32F0xx_HAL_Driver\Src\stm32f0xx_hal_dma.o
HAL_HalfDuplex_EnableReceiver                     Drivers\STM32F0xx_HAL_Driver\Src\stm32f0xx_hal_uart.o
HAL_HalfDuplex_EnableTransmitter                  Drivers\STM32F0xx_HAL_Driver\Src\stm32f0xx_hal_uart.o
HAL_HalfDuplex_Init                               Drivers\STM32F0xx_HAL_Driver\Src\stm32f0xx_hal_uart.o
HAL_I2CEx_ConfigAnalogFilter                      Drivers\STM32F0xx_HAL_Driver\Src\stm32f0xx_hal_i2c_ex.o
                                                  src\i2c.o
HAL_I2CEx_ConfigDigitalFilter                     Drivers\STM32F0xx_HAL_Driver\Src\stm32f0xx_hal_i2c_ex.o
HAL_I2CEx_DisableFastModePlus                     Drivers\STM32F0xx_HAL_Driver\Src\stm32f0xx_hal_i2c_ex.o
HAL_I2CEx_DisableWakeUp                           Drivers\STM32F0xx_HAL_Driver\Src\stm32f0xx_hal_i2c_ex.o
HAL_I2CEx_EnableFastModePlus                      Drivers\STM32F0xx_HAL_Driver\Src\stm32f0xx_hal_i2c_ex.o
HAL_I2CEx_EnableWakeUp                            Drivers\STM32F0xx_HAL_Driver\Src\stm32f0xx_hal_i2c_ex.o
HAL_I2C_AbortCpltCallback                         Drivers\STM32F0xx_HAL_Driver\Src\stm32f0xx_hal_i2c.o
HAL_I2C_AddrCallback                              Drivers\STM32F0xx_HAL_Driver\Src\stm32f0xx_hal_i2c.o
HAL_I2C_DeInit                                    Drivers\STM32F0xx_HAL_Driver\Src\stm32f0xx_hal_i2c.o
HAL_I2C_DisableListen_IT                          Drivers\STM32F0xx_HAL_Driver\Src\stm32f0xx_hal_i2c.o
HAL_I2C_ER_IRQHandler                             Drivers\STM32F0xx_HAL_Driver\Src\stm32f0xx_hal_i2c.o
HAL_I2C_EV_IRQHandler                             Drivers\STM32F0xx_HAL_Driver\Src\stm32f0xx_hal_i2c.o
HAL_I2C_EnableListen_IT                           Drivers\STM32F0xx_HAL_Driver\Src\stm32f0xx_hal_i2c.o
HAL_I2C_ErrorCallback                             Drivers\STM32F0xx_HAL_Driver\Src\stm32f0xx_hal_i2c.o
HAL_I2C_GetError                                  Drivers\STM32F0xx_HAL_Driver\Src\stm32f0xx_hal_i2c.o
                                                  src\gprs.o
HAL_I2C_GetMode                                   Drivers\STM32F0xx_HAL_Driver\Src\stm32f0xx_hal_i2c.o
HAL_I2C_GetState                                  Drivers\STM32F0xx_HAL_Driver\Src\stm32f0xx_hal_i2c.o
                                                  src\gprs.o
HAL_I2C_Init                                      Drivers\STM32F0xx_HAL_Driver\Src\stm32f0xx_hal_i2c.o
                                                  src\i2c.o
HAL_I2C_IsDeviceReady                             Drivers\STM32F0xx_HAL_Driver\Src\stm32f0xx_hal_i2c.o
HAL_I2C_ListenCpltCallback                        Drivers\STM32F0xx_HAL_Driver\Src\stm32f0xx_hal_i2c.o
HAL_I2C_MasterRxCpltCallback                      Drivers\STM32F0xx_HAL_Driver\Src\stm32f0xx_hal_i2c.o
HAL_I2C_MasterTxCpltCallback                      Drivers\STM32F0xx_HAL_Driver\Src\stm32f0xx_hal_i2c.o
HAL_I2C_Master_Abort_IT                           Drivers\STM32F0xx_HAL_Driver\Src\stm32f0xx_hal_i2c.o
HAL_I2C_Master_Receive                            Drivers\STM32F0xx_HAL_Driver\Src\stm32f0xx_hal_i2c.o
                                                  src\gprs.o
HAL_I2C_Master_Receive_DMA                        Drivers\STM32F0xx_HAL_Driver\Src\stm32f0xx_hal_i2c.o
HAL_I2C_Master_Receive_IT                         Drivers\STM32F0xx_HAL_Driver\Src\stm32f0xx_hal_i2c.o
HAL_I2C_Master_Sequential_Receive_IT              Drivers\STM32F0xx_HAL_Driver\Src\stm32f0xx_hal_i2c.o
HAL_I2C_Master_Sequential_Transmit_IT             Drivers\STM32F0xx_HAL_Driver\Src\stm32f0xx_hal_i2c.o
HAL_I2C_Master_Transmit                           Drivers\STM32F0xx_HAL_Driver\Src\stm32f0xx_hal_i2c.o
                                                  src\gprs.o
HAL_I2C_Master_Transmit_DMA                       Drivers\STM32F0xx_HAL_Driver\Src\stm32f0xx_hal_i2c.o
HAL_I2C_Master_Transmit_IT                        Drivers\STM32F0xx_HAL_Driver\Src\stm32f0xx_hal_i2c.o
HAL_I2C_MemRxCpltCallback                         Drivers\STM32F0xx_HAL_Driver\Src\stm32f0xx_hal_i2c.o
HAL_I2C_MemTxCpltCallback                         Drivers\STM32F0xx_HAL_Driver\Src\stm32f0xx_hal_i2c.o
HAL_I2C_Mem_Read                                  Drivers\STM32F0xx_HAL_Driver\Src\stm32f0xx_hal_i2c.o
HAL_I2C_Mem_Read_DMA                              Drivers\STM32F0xx_HAL_Driver\Src\stm32f0xx_hal_i2c.o
HAL_I2C_Mem_Read_IT                               Drivers\STM32F0xx_HAL_Driver\Src\stm32f0xx_hal_i2c.o
HAL_I2C_Mem_Write                                 Drivers\STM32F0xx_HAL_Driver\Src\stm32f0xx_hal_i2c.o
HAL_I2C_Mem_Write_DMA                             Drivers\STM32F0xx_HAL_Driver\Src\stm32f0xx_hal_i2c.o
HAL_I2C_Mem_Write_IT                              Drivers\STM32F0xx_HAL_Driver\Src\stm32f0xx_hal_i2c.o
HAL_I2C_MspDeInit                                 Drivers\STM32F0xx_HAL_Driver\Src\stm32f0xx_hal_i2c.o
HAL_I2C_MspInit                                   Drivers\STM32F0xx_HAL_Driver\Src\stm32f0xx_hal_i2c.o
HAL_I2C_SlaveRxCpltCallback                       Drivers\STM32F0xx_HAL_Driver\Src\stm32f0xx_hal_i2c.o
HAL_I2C_SlaveTxCpltCallback                       Drivers\STM32F0xx_HAL_Driver\Src\stm32f0xx_hal_i2c.o
HAL_I2C_Slave_Receive                             Drivers\STM32F0xx_HAL_Driver\Src\stm32f0xx_hal_i2c.o
HAL_I2C_Slave_Receive_DMA                         Drivers\STM32F0xx_HAL_Driver\Src\stm32f0xx_hal_i2c.o
HAL_I2C_Slave_Receive_IT                          Drivers\STM32F0xx_HAL_Driver\Src\stm32f0xx_hal_i2c.o
HAL_I2C_Slave_Sequential_Receive_IT               Drivers\STM32F0xx_HAL_Driver\Src\stm32f0xx_hal_i2c.o
HAL_I2C_Slave_Sequential_Transmit_IT              Drivers\STM32F0xx_HAL_Driver\Src\stm32f0xx_hal_i2c.o
HAL_I2C_Slave_Transmit                            Drivers\STM32F0xx_HAL_Driver\Src\stm32f0xx_hal_i2c.o
HAL_I2C_Slave_Transmit_DMA                        Drivers\STM32F0xx_HAL_Driver\Src\stm32f0xx_hal_i2c.o
HAL_I2C_Slave_Transmit_IT                         Drivers\STM32F0xx_HAL_Driver\Src\stm32f0xx_hal_i2c.o
HAL_IncTick                                       Drivers\STM32F0xx_HAL_Driver\Src\stm32f0xx_hal.o
                                                  src\stm32f0xx_it.o
HAL_Init                                          Drivers\STM32F0xx_HAL_Driver\Src\stm32f0xx_hal.o
                                                  src\main.o
HAL_InitTick                                      Drivers\STM32F0xx_HAL_Driver\Src\stm32f0xx_hal.o
                                                  Drivers\STM32F0xx_HAL_Driver\Src\stm32f0xx_hal_rcc.o
HAL_LIN_Init                                      Drivers\STM32F0xx_HAL_Driver\Src\stm32f0xx_hal_uart_ex.o
HAL_LIN_SendBreak                                 Drivers\STM32F0xx_HAL_Driver\Src\stm32f0xx_hal_uart_ex.o
HAL_MspDeInit                                     Drivers\STM32F0xx_HAL_Driver\Src\stm32f0xx_hal.o
HAL_MspInit                                       Drivers\STM32F0xx_HAL_Driver\Src\stm32f0xx_hal.o
HAL_MultiProcessorEx_AddressLength_Set            Drivers\STM32F0xx_HAL_Driver\Src\stm32f0xx_hal_uart_ex.o
HAL_MultiProcessor_DisableMuteMode                Drivers\STM32F0xx_HAL_Driver\Src\stm32f0xx_hal_uart.o
HAL_MultiProcessor_EnableMuteMode                 Drivers\STM32F0xx_HAL_Driver\Src\stm32f0xx_hal_uart.o
HAL_MultiProcessor_EnterMuteMode                  Drivers\STM32F0xx_HAL_Driver\Src\stm32f0xx_hal_uart.o
HAL_MultiProcessor_Init                           Drivers\STM32F0xx_HAL_Driver\Src\stm32f0xx_hal_uart.o
HAL_NVIC_ClearPendingIRQ                          Drivers\STM32F0xx_HAL_Driver\Src\stm32f0xx_hal_cortex.o
HAL_NVIC_DisableIRQ                               Drivers\STM32F0xx_HAL_Driver\Src\stm32f0xx_hal_cortex.o
                                                  Drivers\BSP\STM32F0xx-Nucleo\stm32f0xx_nucleo.o
HAL_NVIC_EnableIRQ                                Drivers\STM32F0xx_HAL_Driver\Src\stm32f0xx_hal_cortex.o
                                                  src\uart.o
                                                  Drivers\BSP\STM32F0xx-Nucleo\stm32f0xx_nucleo.o
HAL_NVIC_GetPendingIRQ                            Drivers\STM32F0xx_HAL_Driver\Src\stm32f0xx_hal_cortex.o
HAL_NVIC_GetPriority                              Drivers\STM32F0xx_HAL_Driver\Src\stm32f0xx_hal_cortex.o
HAL_NVIC_SetPendingIRQ                            Drivers\STM32F0xx_HAL_Driver\Src\stm32f0xx_hal_cortex.o
                                                  src\uart.o
HAL_NVIC_SetPriority                              Drivers\STM32F0xx_HAL_Driver\Src\stm32f0xx_hal_cortex.o
                                                  src\uart.o
                                                  Drivers\STM32F0xx_HAL_Driver\Src\stm32f0xx_hal.o
                                                  Drivers\BSP\STM32F0xx-Nucleo\stm32f0xx_nucleo.o
HAL_NVIC_SystemReset                              Drivers\STM32F0xx_HAL_Driver\Src\stm32f0xx_hal_cortex.o
HAL_RCCEx_CRSConfig                               Drivers\STM32F0xx_HAL_Driver\Src\stm32f0xx_hal_rcc_ex.o
HAL_RCCEx_CRSGetSynchronizationInfo               Drivers\STM32F0xx_HAL_Driver\Src\stm32f0xx_hal_rcc_ex.o
HAL_RCCEx_CRSSoftwareSynchronizationGenerate      Drivers\STM32F0xx_HAL_Driver\Src\stm32f0xx_hal_rcc_ex.o
HAL_RCCEx_CRSWaitSynchronization                  Drivers\STM32F0xx_HAL_Driver\Src\stm32f0xx_hal_rcc_ex.o
HAL_RCCEx_CRS_ErrorCallback                       Drivers\STM32F0xx_HAL_Driver\Src\stm32f0xx_hal_rcc_ex.o
HAL_RCCEx_CRS_ExpectedSyncCallback                Drivers\STM32F0xx_HAL_Driver\Src\stm32f0xx_hal_rcc_ex.o
HAL_RCCEx_CRS_IRQHandler                          Drivers\STM32F0xx_HAL_Driver\Src\stm32f0xx_hal_rcc_ex.o
HAL_RCCEx_CRS_SyncOkCallback                      Drivers\STM32F0xx_HAL_Driver\Src\stm32f0xx_hal_rcc_ex.o
HAL_RCCEx_CRS_SyncWarnCallback                    Drivers\STM32F0xx_HAL_Driver\Src\stm32f0xx_hal_rcc_ex.o
HAL_RCCEx_GetPeriphCLKConfig                      Drivers\STM32F0xx_HAL_Driver\Src\stm32f0xx_hal_rcc_ex.o
HAL_RCCEx_GetPeriphCLKFreq                        Drivers\STM32F0xx_HAL_Driver\Src\stm32f0xx_hal_rcc_ex.o
HAL_RCCEx_PeriphCLKConfig                         Drivers\STM32F0xx_HAL_Driver\Src\stm32f0xx_hal_rcc_ex.o
HAL_RCC_CSSCallback                               Drivers\STM32F0xx_HAL_Driver\Src\stm32f0xx_hal_rcc.o
HAL_RCC_ClockConfig                               Drivers\STM32F0xx_HAL_Driver\Src\stm32f0xx_hal_rcc.o
                                                  src\main.o
HAL_RCC_DeInit                                    Drivers\STM32F0xx_HAL_Driver\Src\stm32f0xx_hal_rcc.o
HAL_RCC_DisableCSS                                Drivers\STM32F0xx_HAL_Driver\Src\stm32f0xx_hal_rcc.o
HAL_RCC_EnableCSS                                 Drivers\STM32F0xx_HAL_Driver\Src\stm32f0xx_hal_rcc.o
HAL_RCC_GetClockConfig                            Drivers\STM32F0xx_HAL_Driver\Src\stm32f0xx_hal_rcc.o
HAL_RCC_GetHCLKFreq                               Drivers\STM32F0xx_HAL_Driver\Src\stm32f0xx_hal_rcc.o
                                                  Drivers\STM32F0xx_HAL_Driver\Src\stm32f0xx_hal.o
HAL_RCC_GetOscConfig                              Drivers\STM32F0xx_HAL_Driver\Src\stm32f0xx_hal_rcc.o
HAL_RCC_GetPCLK1Freq                              Drivers\STM32F0xx_HAL_Driver\Src\stm32f0xx_hal_rcc.o
                                                  Drivers\STM32F0xx_HAL_Driver\Src\stm32f0xx_hal_usart.o
                                                  Drivers\STM32F0xx_HAL_Driver\Src\stm32f0xx_hal_uart.o
                                                  Drivers\STM32F0xx_HAL_Driver\Src\stm32f0xx_hal_rcc_ex.o
HAL_RCC_GetSysClockFreq                           Drivers\STM32F0xx_HAL_Driver\Src\stm32f0xx_hal_rcc.o
                                                  Drivers\STM32F0xx_HAL_Driver\Src\stm32f0xx_hal_usart.o
                                                  Drivers\STM32F0xx_HAL_Driver\Src\stm32f0xx_hal_uart.o
                                                  Drivers\STM32F0xx_HAL_Driver\Src\stm32f0xx_hal_rcc_ex.o
HAL_RCC_MCOConfig                                 Drivers\STM32F0xx_HAL_Driver\Src\stm32f0xx_hal_rcc.o
HAL_RCC_NMI_IRQHandler                            Drivers\STM32F0xx_HAL_Driver\Src\stm32f0xx_hal_rcc.o
HAL_RCC_OscConfig                                 Drivers\STM32F0xx_HAL_Driver\Src\stm32f0xx_hal_rcc.o
                                                  src\main.o
HAL_RS485Ex_Init                                  Drivers\STM32F0xx_HAL_Driver\Src\stm32f0xx_hal_uart_ex.o
HAL_ResumeTick                                    Drivers\STM32F0xx_HAL_Driver\Src\stm32f0xx_hal.o
HAL_SYSTICK_CLKSourceConfig                       Drivers\STM32F0xx_HAL_Driver\Src\stm32f0xx_hal_cortex.o
HAL_SYSTICK_Callback                              Drivers\STM32F0xx_HAL_Driver\Src\stm32f0xx_hal_cortex.o
HAL_SYSTICK_Config                                Drivers\STM32F0xx_HAL_Driver\Src\stm32f0xx_hal_cortex.o
                                                  Drivers\STM32F0xx_HAL_Driver\Src\stm32f0xx_hal.o
HAL_SYSTICK_IRQHandler                            Drivers\STM32F0xx_HAL_Driver\Src\stm32f0xx_hal_cortex.o
HAL_SuspendTick                                   Drivers\STM32F0xx_HAL_Driver\Src\stm32f0xx_hal.o
HAL_UARTEx_DisableStopMode                        Drivers\STM32F0xx_HAL_Driver\Src\stm32f0xx_hal_uart_ex.o
HAL_UARTEx_EnableStopMode                         Drivers\STM32F0xx_HAL_Driver\Src\stm32f0xx_hal_uart_ex.o
HAL_UARTEx_StopModeWakeUpSourceConfig             Drivers\STM32F0xx_HAL_Driver\Src\stm32f0xx_hal_uart_ex.o
HAL_UARTEx_WakeupCallback                         Drivers\STM32F0xx_HAL_Driver\Src\stm32f0xx_hal_uart_ex.o
                                                  Drivers\STM32F0xx_HAL_Driver\Src\stm32f0xx_hal_uart.o
HAL_UART_Abort                                    Drivers\STM32F0xx_HAL_Driver\Src\stm32f0xx_hal_uart.o
HAL_UART_AbortCpltCallback                        Drivers\STM32F0xx_HAL_Driver\Src\stm32f0xx_hal_uart.o
HAL_UART_AbortReceive                             Drivers\STM32F0xx_HAL_Driver\Src\stm32f0xx_hal_uart.o
HAL_UART_AbortReceiveCpltCallback                 Drivers\STM32F0xx_HAL_Driver\Src\stm32f0xx_hal_uart.o
HAL_UART_AbortReceive_IT                          Drivers\STM32F0xx_HAL_Driver\Src\stm32f0xx_hal_uart.o
HAL_UART_AbortTransmit                            Drivers\STM32F0xx_HAL_Driver\Src\stm32f0xx_hal_uart.o
HAL_UART_AbortTransmitCpltCallback                Drivers\STM32F0xx_HAL_Driver\Src\stm32f0xx_hal_uart.o
HAL_UART_AbortTransmit_IT                         Drivers\STM32F0xx_HAL_Driver\Src\stm32f0xx_hal_uart.o
HAL_UART_Abort_IT                                 Drivers\STM32F0xx_HAL_Driver\Src\stm32f0xx_hal_uart.o
HAL_UART_DMAPause                                 Drivers\STM32F0xx_HAL_Driver\Src\stm32f0xx_hal_uart.o
HAL_UART_DMAResume                                Drivers\STM32F0xx_HAL_Driver\Src\stm32f0xx_hal_uart.o
HAL_UART_DMAStop                                  Drivers\STM32F0xx_HAL_Driver\Src\stm32f0xx_hal_uart.o
HAL_UART_DeInit                                   Drivers\STM32F0xx_HAL_Driver\Src\stm32f0xx_hal_uart.o
HAL_UART_ErrorCallback                            Drivers\STM32F0xx_HAL_Driver\Src\stm32f0xx_hal_uart.o
HAL_UART_GetError                                 Drivers\STM32F0xx_HAL_Driver\Src\stm32f0xx_hal_uart.o
HAL_UART_GetState                                 Drivers\STM32F0xx_HAL_Driver\Src\stm32f0xx_hal_uart.o
HAL_UART_IRQHandler                               Drivers\STM32F0xx_HAL_Driver\Src\stm32f0xx_hal_uart.o
HAL_UART_Init                                     Drivers\STM32F0xx_HAL_Driver\Src\stm32f0xx_hal_uart.o
                                                  src\uart.o
HAL_UART_MspDeInit                                Drivers\STM32F0xx_HAL_Driver\Src\stm32f0xx_hal_uart.o
HAL_UART_MspInit                                  Drivers\STM32F0xx_HAL_Driver\Src\stm32f0xx_hal_uart.o
                                                  Drivers\STM32F0xx_HAL_Driver\Src\stm32f0xx_hal_uart_ex.o
HAL_UART_Receive                                  Drivers\STM32F0xx_HAL_Driver\Src\stm32f0xx_hal_uart.o
HAL_UART_Receive_DMA                              Drivers\STM32F0xx_HAL_Driver\Src\stm32f0xx_hal_uart.o
HAL_UART_Receive_IT                               Drivers\STM32F0xx_HAL_Driver\Src\stm32f0xx_hal_uart.o
HAL_UART_RxCpltCallback                           src\uart.o
                                                  Drivers\STM32F0xx_HAL_Driver\Src\stm32f0xx_hal_uart.o
HAL_UART_RxHalfCpltCallback                       Drivers\STM32F0xx_HAL_Driver\Src\stm32f0xx_hal_uart.o
HAL_UART_Transmit                                 Drivers\STM32F0xx_HAL_Driver\Src\stm32f0xx_hal_uart.o
                                                  src\uart.o
                                                  src\gprs.o
HAL_UART_Transmit_DMA                             Drivers\STM32F0xx_HAL_Driver\Src\stm32f0xx_hal_uart.o
                                                  src\gprs.o
HAL_UART_Transmit_IT                              Drivers\STM32F0xx_HAL_Driver\Src\stm32f0xx_hal_uart.o
HAL_UART_TxCpltCallback                           src\uart.o
                                                  Drivers\STM32F0xx_HAL_Driver\Src\stm32f0xx_hal_uart.o
HAL_UART_TxHalfCpltCallback                       Drivers\STM32F0xx_HAL_Driver\Src\stm32f0xx_hal_uart.o
HAL_USART_Abort                                   Drivers\STM32F0xx_HAL_Driver\Src\stm32f0xx_hal_usart.o
HAL_USART_AbortCpltCallback                       Drivers\STM32F0xx_HAL_Driver\Src\stm32f0xx_hal_usart.o
HAL_USART_Abort_IT                                Drivers\STM32F0xx_HAL_Driver\Src\stm32f0xx_hal_usart.o
HAL_USART_DMAPause                                Drivers\STM32F0xx_HAL_Driver\Src\stm32f0xx_hal_usart.o
HAL_USART_DMAResume                               Drivers\STM32F0xx_HAL_Driver\Src\stm32f0xx_hal_usart.o
HAL_USART_DMAStop                                 Drivers\STM32F0xx_HAL_Driver\Src\stm32f0xx_hal_usart.o
HAL_USART_DeInit                                  Drivers\STM32F0xx_HAL_Driver\Src\stm32f0xx_hal_usart.o
HAL_USART_ErrorCallback                           Drivers\STM32F0xx_HAL_Driver\Src\stm32f0xx_hal_usart.o
HAL_USART_GetError                                Drivers\STM32F0xx_HAL_Driver\Src\stm32f0xx_hal_usart.o
HAL_USART_GetState                                Drivers\STM32F0xx_HAL_Driver\Src\stm32f0xx_hal_usart.o
HAL_USART_IRQHandler                              Drivers\STM32F0xx_HAL_Driver\Src\stm32f0xx_hal_usart.o
HAL_USART_Init                                    Drivers\STM32F0xx_HAL_Driver\Src\stm32f0xx_hal_usart.o
HAL_USART_MspDeInit                               Drivers\STM32F0xx_HAL_Driver\Src\stm32f0xx_hal_usart.o
HAL_USART_MspInit                                 Drivers\STM32F0xx_HAL_Driver\Src\stm32f0xx_hal_usart.o
HAL_USART_Receive                                 Drivers\STM32F0xx_HAL_Driver\Src\stm32f0xx_hal_usart.o
HAL_USART_Receive_DMA                             Drivers\STM32F0xx_HAL_Driver\Src\stm32f0xx_hal_usart.o
HAL_USART_Receive_IT                              Drivers\STM32F0xx_HAL_Driver\Src\stm32f0xx_hal_usart.o
HAL_USART_RxCpltCallback                          Drivers\STM32F0xx_HAL_Driver\Src\stm32f0xx_hal_usart.o
HAL_USART_RxHalfCpltCallback                      Drivers\STM32F0xx_HAL_Driver\Src\stm32f0xx_hal_usart.o
HAL_USART_Transmit                                Drivers\STM32F0xx_HAL_Driver\Src\stm32f0xx_hal_usart.o
HAL_USART_TransmitReceive                         Drivers\STM32F0xx_HAL_Driver\Src\stm32f0xx_hal_usart.o
HAL_USART_TransmitReceive_DMA                     Drivers\STM32F0xx_HAL_Driver\Src\stm32f0xx_hal_usart.o
HAL_USART_TransmitReceive_IT                      Drivers\STM32F0xx_HAL_Driver\Src\stm32f0xx_hal_usart.o
HAL_USART_Transmit_DMA                            Drivers\STM32F0xx_HAL_Driver\Src\stm32f0xx_hal_usart.o
HAL_USART_Transmit_IT                             Drivers\STM32F0xx_HAL_Driver\Src\stm32f0xx_hal_usart.o
HAL_USART_TxCpltCallback                          Drivers\STM32F0xx_HAL_Driver\Src\stm32f0xx_hal_usart.o
HAL_USART_TxHalfCpltCallback                      Drivers\STM32F0xx_HAL_Driver\Src\stm32f0xx_hal_usart.o
HAL_USART_TxRxCpltCallback                        Drivers\STM32F0xx_HAL_Driver\Src\stm32f0xx_hal_usart.o
HardFault_Handler                                 src\stm32f0xx_it.o
                                                  src\startup_stm32f072xb.o
I2C1_IRQHandler                                   src\startup_stm32f072xb.o
I2C1_Init                                         src\i2c.o
                                                  src\main.o
I2C2_IRQHandler                                   src\startup_stm32f072xb.o
I2C_Config                                        src\i2c.o
                                                  src\main.o
LED_PIN                                           Drivers\BSP\STM32F0xx-Nucleo\stm32f0xx_nucleo.o
LED_PORT                                          Drivers\BSP\STM32F0xx-Nucleo\stm32f0xx_nucleo.o
LL_Init1msTick                                    Drivers\STM32F0xx_HAL_Driver\Src\stm32f0xx_ll_utils.o
LL_PLL_ConfigSystemClock_HSE                      Drivers\STM32F0xx_HAL_Driver\Src\stm32f0xx_ll_utils.o
LL_PLL_ConfigSystemClock_HSI                      Drivers\STM32F0xx_HAL_Driver\Src\stm32f0xx_ll_utils.o
LL_PLL_ConfigSystemClock_HSI48                    Drivers\STM32F0xx_HAL_Driver\Src\stm32f0xx_ll_utils.o
LL_SetSystemCoreClock                             Drivers\STM32F0xx_HAL_Driver\Src\stm32f0xx_ll_utils.o
LL_mDelay                                         Drivers\STM32F0xx_HAL_Driver\Src\stm32f0xx_ll_utils.o
NMI_Handler                                       src\stm32f0xx_it.o
                                                  src\startup_stm32f072xb.o
PVD_VDDIO2_IRQHandler                             src\startup_stm32f072xb.o
PendSV_Handler                                    src\stm32f0xx_it.o
                                                  src\startup_stm32f072xb.o
RCC_CRS_IRQHandler                                src\startup_stm32f072xb.o
RTC_IRQHandler                                    src\startup_stm32f072xb.o
RXBUFFERSIZE                                      src\gprs.o
Reset_Handler                                     src\startup_stm32f072xb.o
SPI1_IRQHandler                                   src\startup_stm32f072xb.o
SPI2_IRQHandler                                   src\startup_stm32f072xb.o
SVC_Handler                                       src\stm32f0xx_it.o
                                                  src\startup_stm32f072xb.o
SysTick_Handler                                   src\stm32f0xx_it.o
                                                  src\startup_stm32f072xb.o
SystemCoreClock                                   src\system_stm32f0xx.o
                                                  Drivers\STM32F0xx_HAL_Driver\Src\stm32f0xx_ll_utils.o
                                                  Drivers\STM32F0xx_HAL_Driver\Src\stm32f0xx_hal_rcc.o
SystemCoreClockUpdate                             src\system_stm32f0xx.o
SystemInit                                        src\system_stm32f0xx.o
                                                  src\startup_stm32f072xb.o
TIM14_IRQHandler                                  src\startup_stm32f072xb.o
TIM15_IRQHandler                                  src\startup_stm32f072xb.o
TIM16_IRQHandler                                  src\startup_stm32f072xb.o
TIM17_IRQHandler                                  src\startup_stm32f072xb.o
TIM1_BRK_UP_TRG_COM_IRQHandler                    src\startup_stm32f072xb.o
TIM1_CC_IRQHandler                                src\startup_stm32f072xb.o
TIM2_IRQHandler                                   src\startup_stm32f072xb.o
TIM3_IRQHandler                                   src\startup_stm32f072xb.o
TIM6_DAC_IRQHandler                               src\startup_stm32f072xb.o
TIM7_IRQHandler                                   src\startup_stm32f072xb.o
TSC_IRQHandler                                    src\startup_stm32f072xb.o
UART1_Init                                        src\uart.o
UART2_Init                                        src\uart.o
                                                  src\main.o
UART_AdvFeatureConfig                             Drivers\STM32F0xx_HAL_Driver\Src\stm32f0xx_hal_uart.o
                                                  Drivers\STM32F0xx_HAL_Driver\Src\stm32f0xx_hal_uart_ex.o
UART_CheckIdleState                               Drivers\STM32F0xx_HAL_Driver\Src\stm32f0xx_hal_uart.o
                                                  Drivers\STM32F0xx_HAL_Driver\Src\stm32f0xx_hal_uart_ex.o
UART_Config                                       src\uart.o
                                                  src\main.o
UART_EndTransmit_IT                               Drivers\STM32F0xx_HAL_Driver\Src\stm32f0xx_hal_uart.o
UART_Receive_IT                                   Drivers\STM32F0xx_HAL_Driver\Src\stm32f0xx_hal_uart.o
UART_SetConfig                                    Drivers\STM32F0xx_HAL_Driver\Src\stm32f0xx_hal_uart.o
                                                  Drivers\STM32F0xx_HAL_Driver\Src\stm32f0xx_hal_uart_ex.o
UART_Transmit_IT                                  Drivers\STM32F0xx_HAL_Driver\Src\stm32f0xx_hal_uart.o
UART_WaitOnFlagUntilTimeout                       Drivers\STM32F0xx_HAL_Driver\Src\stm32f0xx_hal_uart.o
                                                  Drivers\STM32F0xx_HAL_Driver\Src\stm32f0xx_hal_uart_ex.o
USART1_IRQHandler                                 src\startup_stm32f072xb.o
USART2_IRQHandler                                 src\startup_stm32f072xb.o
USART3_4_IRQHandler                               src\startup_stm32f072xb.o
USB_IRQHandler                                    src\startup_stm32f072xb.o
WWDG_IRQHandler                                   src\startup_stm32f072xb.o
__aeabi_idiv                                      c:/program files (x86)/atollic/truestudio for arm 8.0.0/armtools/bin/../lib/gcc/arm-atollic-eabi/6.3.1/armv6-m\libgcc.a(_divsi3.o)
                                                  src\tiny_printf.o
__aeabi_idiv0                                     c:/program files (x86)/atollic/truestudio for arm 8.0.0/armtools/bin/../lib/gcc/arm-atollic-eabi/6.3.1/armv6-m\libgcc.a(_dvmd_tls.o)
                                                  c:/program files (x86)/atollic/truestudio for arm 8.0.0/armtools/bin/../lib/gcc/arm-atollic-eabi/6.3.1/armv6-m\libgcc.a(_divsi3.o)
                                                  c:/program files (x86)/atollic/truestudio for arm 8.0.0/armtools/bin/../lib/gcc/arm-atollic-eabi/6.3.1/armv6-m\libgcc.a(_udivsi3.o)
__aeabi_idivmod                                   c:/program files (x86)/atollic/truestudio for arm 8.0.0/armtools/bin/../lib/gcc/arm-atollic-eabi/6.3.1/armv6-m\libgcc.a(_divsi3.o)
__aeabi_ldiv0                                     c:/program files (x86)/atollic/truestudio for arm 8.0.0/armtools/bin/../lib/gcc/arm-atollic-eabi/6.3.1/armv6-m\libgcc.a(_dvmd_tls.o)
__aeabi_uidiv                                     c:/program files (x86)/atollic/truestudio for arm 8.0.0/armtools/bin/../lib/gcc/arm-atollic-eabi/6.3.1/armv6-m\libgcc.a(_udivsi3.o)
                                                  src\tiny_printf.o
                                                  src\system_stm32f0xx.o
                                                  Drivers\STM32F0xx_HAL_Driver\Src\stm32f0xx_ll_utils.o
                                                  Drivers\STM32F0xx_HAL_Driver\Src\stm32f0xx_hal_usart.o
                                                  Drivers\STM32F0xx_HAL_Driver\Src\stm32f0xx_hal_uart.o
                                                  Drivers\STM32F0xx_HAL_Driver\Src\stm32f0xx_hal_rcc_ex.o
                                                  Drivers\STM32F0xx_HAL_Driver\Src\stm32f0xx_hal_rcc.o
                                                  Drivers\STM32F0xx_HAL_Driver\Src\stm32f0xx_hal_dma.o
                                                  Drivers\STM32F0xx_HAL_Driver\Src\stm32f0xx_hal.o
__aeabi_uidivmod                                  c:/program files (x86)/atollic/truestudio for arm 8.0.0/armtools/bin/../lib/gcc/arm-atollic-eabi/6.3.1/armv6-m\libgcc.a(_udivsi3.o)
                                                  src\tiny_printf.o
__deregister_frame_info                           c:/program files (x86)/atollic/truestudio for arm 8.0.0/armtools/bin/../lib/gcc/arm-atollic-eabi/6.3.1/armv6-m/crtbegin.o
__divsi3                                          c:/program files (x86)/atollic/truestudio for arm 8.0.0/armtools/bin/../lib/gcc/arm-atollic-eabi/6.3.1/armv6-m\libgcc.a(_divsi3.o)
__dso_handle                                      c:/program files (x86)/atollic/truestudio for arm 8.0.0/armtools/bin/../lib/gcc/arm-atollic-eabi/6.3.1/armv6-m/crtbegin.o
__init_array_end                                  c:/program files (x86)/atollic/truestudio for arm 8.0.0/armtools/bin/../lib/gcc/arm-atollic-eabi/6.3.1/../../../../arm-atollic-eabi/lib/armv6-m\libc_nano.a(lib_a-init.o)
__init_array_start                                c:/program files (x86)/atollic/truestudio for arm 8.0.0/armtools/bin/../lib/gcc/arm-atollic-eabi/6.3.1/../../../../arm-atollic-eabi/lib/armv6-m\libc_nano.a(lib_a-init.o)
__libc_init_array                                 c:/program files (x86)/atollic/truestudio for arm 8.0.0/armtools/bin/../lib/gcc/arm-atollic-eabi/6.3.1/../../../../arm-atollic-eabi/lib/armv6-m\libc_nano.a(lib_a-init.o)
                                                  src\startup_stm32f072xb.o
__preinit_array_end                               c:/program files (x86)/atollic/truestudio for arm 8.0.0/armtools/bin/../lib/gcc/arm-atollic-eabi/6.3.1/../../../../arm-atollic-eabi/lib/armv6-m\libc_nano.a(lib_a-init.o)
__preinit_array_start                             c:/program files (x86)/atollic/truestudio for arm 8.0.0/armtools/bin/../lib/gcc/arm-atollic-eabi/6.3.1/../../../../arm-atollic-eabi/lib/armv6-m\libc_nano.a(lib_a-init.o)
__register_frame_info                             c:/program files (x86)/atollic/truestudio for arm 8.0.0/armtools/bin/../lib/gcc/arm-atollic-eabi/6.3.1/armv6-m/crtbegin.o
__udivsi3                                         c:/program files (x86)/atollic/truestudio for arm 8.0.0/armtools/bin/../lib/gcc/arm-atollic-eabi/6.3.1/armv6-m\libgcc.a(_udivsi3.o)
_ebss                                             src\startup_stm32f072xb.o
_edata                                            src\startup_stm32f072xb.o
_estack                                           src\startup_stm32f072xb.o
_fini                                             c:/program files (x86)/atollic/truestudio for arm 8.0.0/armtools/bin/../lib/gcc/arm-atollic-eabi/6.3.1/armv6-m/crti.o
_init                                             c:/program files (x86)/atollic/truestudio for arm 8.0.0/armtools/bin/../lib/gcc/arm-atollic-eabi/6.3.1/armv6-m/crti.o
                                                  c:/program files (x86)/atollic/truestudio for arm 8.0.0/armtools/bin/../lib/gcc/arm-atollic-eabi/6.3.1/../../../../arm-atollic-eabi/lib/armv6-m\libc_nano.a(lib_a-init.o)
_sbss                                             src\startup_stm32f072xb.o
_sdata                                            src\startup_stm32f072xb.o
_sidata                                           src\startup_stm32f072xb.o
_write                                            c:/program files (x86)/atollic/truestudio for arm 8.0.0/armtools/bin/../lib/gcc/arm-atollic-eabi/6.3.1/../../../../arm-atollic-eabi/lib/armv6-m\libnosys.a(write.o)
                                                  src\tiny_printf.o
aRxBuffer                                         src\gprs.o
buff                                              src\main.o
ctrlz                                             src\main.o
errno                                             c:/program files (x86)/atollic/truestudio for arm 8.0.0/armtools/bin/../lib/gcc/arm-atollic-eabi/6.3.1/../../../../arm-atollic-eabi/lib/armv6-m\libnosys.a(errno.o)
                                                  c:/program files (x86)/atollic/truestudio for arm 8.0.0/armtools/bin/../lib/gcc/arm-atollic-eabi/6.3.1/../../../../arm-atollic-eabi/lib/armv6-m\libnosys.a(write.o)
fiprintf                                          src\tiny_printf.o
fprintf                                           src\tiny_printf.o
fputs                                             src\tiny_printf.o
fwrite                                            src\tiny_printf.o
g_pfnVectors                                      src\startup_stm32f072xb.o
hdma_usart1_rx                                    src\uart.o
                                                  src\stm32f0xx_it.o
hdma_usart1_tx                                    src\uart.o
                                                  src\stm32f0xx_it.o
hi2c1                                             src\i2c.o
                                                  src\gprs.o
huart1                                            src\uart.o
                                                  src\gprs.o
huart2                                            src\uart.o
imprimir                                          src\uart.o
                                                  src\main.o
                                                  src\gprs.o
iprintf                                           src\tiny_printf.o
main                                              src\main.o
                                                  src\startup_stm32f072xb.o
memset                                            c:/program files (x86)/atollic/truestudio for arm 8.0.0/armtools/bin/../lib/gcc/arm-atollic-eabi/6.3.1/../../../../arm-atollic-eabi/lib/armv6-m\libc_nano.a(lib_a-memset.o)
                                                  Drivers\STM32F0xx_HAL_Driver\Src\stm32f0xx_hal_rcc.o
pFlash                                            Drivers\STM32F0xx_HAL_Driver\Src\stm32f0xx_hal_flash.o
                                                  Drivers\STM32F0xx_HAL_Driver\Src\stm32f0xx_hal_flash_ex.o
printf                                            src\tiny_printf.o
puts                                              src\tiny_printf.o
read_buffer                                       src\gprs.o
                                                  src\main.o
send_ATCommand                                    src\gprs.o
send_ATCommand_DMA                                src\gprs.o
siprintf                                          src\tiny_printf.o
sprintf                                           src\tiny_printf.o
strlen                                            c:/program files (x86)/atollic/truestudio for arm 8.0.0/armtools/bin/../lib/gcc/arm-atollic-eabi/6.3.1/../../../../arm-atollic-eabi/lib/armv6-m\libc_nano.a(lib_a-strlen.o)
                                                  src\uart.o
                                                  src\tiny_printf.o
                                                  src\gprs.o
ts_formatlength                                   src\tiny_printf.o
ts_formatstring                                   src\tiny_printf.o
ts_itoa                                           src\tiny_printf.o
uwTick                                            Drivers\STM32F0xx_HAL_Driver\Src\stm32f0xx_hal.o
write_command                                     src\gprs.o
                                                  src\main.o
